[    0.000000] kernel: Linux version 5.15.0-72-generic (buildd@lcy02-amd64-074) (gcc (Ubuntu 9.4.0-1ubuntu1~20.04.1) 9.4.0, GNU ld (GNU Binutils for Ubuntu) 2.34) #79~20.04.1-Ubuntu SMP Thu Apr 20 22:12:07 UTC 2023 (Ubuntu 5.15.0-72.79~20.04.1-generic 5.15.98)
[    0.000000] kernel: Command line: BOOT_IMAGE=/boot/vmlinuz-5.15.0-72-generic root=UUID=cecef076-4c60-40ff-a861-1beae82e30bc ro nouveau.blacklist=1 acpi_backlight=vendor "acpi_osi=!Windows 2013" "acpi_osi=!Windows 2012" pcie_aspm=off
[    0.000000] kernel: KERNEL supported cpus:
[    0.000000] kernel:   Intel GenuineIntel
[    0.000000] kernel:   AMD AuthenticAMD
[    0.000000] kernel:   Hygon HygonGenuine
[    0.000000] kernel:   Centaur CentaurHauls
[    0.000000] kernel:   zhaoxin   Shanghai  
[    0.000000] kernel: x86/fpu: Supporting XSAVE feature 0x001: 'x87 floating point registers'
[    0.000000] kernel: x86/fpu: Supporting XSAVE feature 0x002: 'SSE registers'
[    0.000000] kernel: x86/fpu: Supporting XSAVE feature 0x004: 'AVX registers'
[    0.000000] kernel: x86/fpu: xstate_offset[2]:  576, xstate_sizes[2]:  256
[    0.000000] kernel: x86/fpu: Enabled xstate features 0x7, context size is 832 bytes, using 'compacted' format.
[    0.000000] kernel: signal: max sigframe size: 1776
[    0.000000] kernel: BIOS-provided physical RAM map:
[    0.000000] kernel: BIOS-e820: [mem 0x0000000000000000-0x000000000009ffff] usable
[    0.000000] kernel: BIOS-e820: [mem 0x00000000000a0000-0x00000000000fffff] reserved
[    0.000000] kernel: BIOS-e820: [mem 0x0000000000100000-0x0000000009ecffff] usable
[    0.000000] kernel: BIOS-e820: [mem 0x0000000009ed0000-0x0000000009ffffff] reserved
[    0.000000] kernel: BIOS-e820: [mem 0x000000000a000000-0x000000000a1fffff] usable
[    0.000000] kernel: BIOS-e820: [mem 0x000000000a200000-0x000000000a20ffff] ACPI NVS
[    0.000000] kernel: BIOS-e820: [mem 0x000000000a210000-0x00000000c7258fff] usable
[    0.000000] kernel: BIOS-e820: [mem 0x00000000c7259000-0x00000000c7386fff] reserved
[    0.000000] kernel: BIOS-e820: [mem 0x00000000c7387000-0x00000000c73effff] ACPI data
[    0.000000] kernel: BIOS-e820: [mem 0x00000000c73f0000-0x00000000c76d9fff] ACPI NVS
[    0.000000] kernel: BIOS-e820: [mem 0x00000000c76da000-0x00000000ccffdfff] reserved
[    0.000000] kernel: BIOS-e820: [mem 0x00000000ccffe000-0x00000000cdffffff] usable
[    0.000000] kernel: BIOS-e820: [mem 0x00000000ce000000-0x00000000cfffffff] reserved
[    0.000000] kernel: BIOS-e820: [mem 0x00000000f0000000-0x00000000f7ffffff] reserved
[    0.000000] kernel: BIOS-e820: [mem 0x00000000fd000000-0x00000000ffffffff] reserved
[    0.000000] kernel: BIOS-e820: [mem 0x0000000100000000-0x000000040f33ffff] usable
[    0.000000] kernel: BIOS-e820: [mem 0x000000040f340000-0x00000004501fffff] reserved
[    0.000000] kernel: NX (Execute Disable) protection: active
[    0.000000] kernel: e820: update [mem 0xc3e8a018-0xc3e97457] usable ==> usable
[    0.000000] kernel: e820: update [mem 0xc3e8a018-0xc3e97457] usable ==> usable
[    0.000000] kernel: extended physical RAM map:
[    0.000000] kernel: reserve setup_data: [mem 0x0000000000000000-0x000000000009ffff] usable
[    0.000000] kernel: reserve setup_data: [mem 0x00000000000a0000-0x00000000000fffff] reserved
[    0.000000] kernel: reserve setup_data: [mem 0x0000000000100000-0x0000000009ecffff] usable
[    0.000000] kernel: reserve setup_data: [mem 0x0000000009ed0000-0x0000000009ffffff] reserved
[    0.000000] kernel: reserve setup_data: [mem 0x000000000a000000-0x000000000a1fffff] usable
[    0.000000] kernel: reserve setup_data: [mem 0x000000000a200000-0x000000000a20ffff] ACPI NVS
[    0.000000] kernel: reserve setup_data: [mem 0x000000000a210000-0x00000000c3e8a017] usable
[    0.000000] kernel: reserve setup_data: [mem 0x00000000c3e8a018-0x00000000c3e97457] usable
[    0.000000] kernel: reserve setup_data: [mem 0x00000000c3e97458-0x00000000c7258fff] usable
[    0.000000] kernel: reserve setup_data: [mem 0x00000000c7259000-0x00000000c7386fff] reserved
[    0.000000] kernel: reserve setup_data: [mem 0x00000000c7387000-0x00000000c73effff] ACPI data
[    0.000000] kernel: reserve setup_data: [mem 0x00000000c73f0000-0x00000000c76d9fff] ACPI NVS
[    0.000000] kernel: reserve setup_data: [mem 0x00000000c76da000-0x00000000ccffdfff] reserved
[    0.000000] kernel: reserve setup_data: [mem 0x00000000ccffe000-0x00000000cdffffff] usable
[    0.000000] kernel: reserve setup_data: [mem 0x00000000ce000000-0x00000000cfffffff] reserved
[    0.000000] kernel: reserve setup_data: [mem 0x00000000f0000000-0x00000000f7ffffff] reserved
[    0.000000] kernel: reserve setup_data: [mem 0x00000000fd000000-0x00000000ffffffff] reserved
[    0.000000] kernel: reserve setup_data: [mem 0x0000000100000000-0x000000040f33ffff] usable
[    0.000000] kernel: reserve setup_data: [mem 0x000000040f340000-0x00000004501fffff] reserved
[    0.000000] kernel: efi: EFI v2.70 by American Megatrends
[    0.000000] kernel: efi: ACPI=0xc73ef000 ACPI 2.0=0xc73ef014 TPMFinalLog=0xc7692000 SMBIOS=0xcce1b000 SMBIOS 3.0=0xcce1a000 MEMATTR=0xc5d14518 ESRT=0xc6be7c18 MOKvar=0xcce96000 RNG=0xc739b018 TPMEventLog=0xc3e98018 
[    0.000000] kernel: random: crng init done
[    0.000000] kernel: secureboot: Secure boot disabled
[    0.000000] kernel: SMBIOS 3.2.0 present.
[    0.000000] kernel: DMI: HP HP Laptop 14s-fq0xxx/87B8, BIOS F.62 05/09/2022
[    0.000000] kernel: tsc: Fast TSC calibration using PIT
[    0.000000] kernel: tsc: Detected 1996.295 MHz processor
[    0.000135] kernel: e820: update [mem 0x00000000-0x00000fff] usable ==> reserved
[    0.000138] kernel: e820: remove [mem 0x000a0000-0x000fffff] usable
[    0.000145] kernel: last_pfn = 0x40f340 max_arch_pfn = 0x400000000
[    0.000324] kernel: x86/PAT: Configuration [0-7]: WB  WC  UC- UC  WB  WP  UC- WT  
[    0.000706] kernel: e820: update [mem 0xd0000000-0xffffffff] usable ==> reserved
[    0.000716] kernel: last_pfn = 0xce000 max_arch_pfn = 0x400000000
[    0.004648] kernel: esrt: Reserving ESRT space from 0x00000000c6be7c18 to 0x00000000c6be7c50.
[    0.004659] kernel: e820: update [mem 0xc6be7000-0xc6be7fff] usable ==> reserved
[    0.004706] kernel: Using GB pages for direct mapping
[    0.005297] kernel: secureboot: Secure boot disabled
[    0.005298] kernel: RAMDISK: [mem 0xbed2d000-0xc37f1fff]
[    0.005304] kernel: ACPI: Early table checksum verification disabled
[    0.005307] kernel: ACPI: RSDP 0x00000000C73EF014 000024 (v02 HPQOEM)
[    0.005311] kernel: ACPI: XSDT 0x00000000C73EE728 000104 (v01 HPQOEM SLIC-MPC 01072009 AMI  01000013)
[    0.005317] kernel: ACPI: FACP 0x00000000C73E3000 000114 (v06 HPQOEM SLIC-MPC 01072009 HP   00010013)
[    0.005323] kernel: ACPI: DSDT 0x00000000C73CE000 01495A (v02 HPQOEM 87B8     01072009 ACPI 20120913)
[    0.005326] kernel: ACPI: FACS 0x00000000C7690000 000040
[    0.005329] kernel: ACPI: MSDM 0x00000000C73ED000 000055 (v03 HPQOEM SLIC-MPC 00000001 HP   00010013)
[    0.005332] kernel: ACPI: SSDT 0x00000000C73E5000 007216 (v02 HPQOEM 87B8     00000002 ACPI 04000000)
[    0.005336] kernel: ACPI: IVRS 0x00000000C73E4000 0001A4 (v02 HPQOEM 87B8     00000001 HP   00000000)
[    0.005339] kernel: ACPI: FIDT 0x00000000C73CD000 00009C (v01 HPQOEM 87B8     01072009 HP   00010013)
[    0.005343] kernel: ACPI: MCFG 0x00000000C73CC000 00003C (v01 HPQOEM 87B8     01072009 HP   00010013)
[    0.005346] kernel: ACPI: HPET 0x00000000C73CB000 000038 (v01 HPQOEM 87B8     01072009 HP   00000005)
[    0.005349] kernel: ACPI: SSDT 0x00000000C73CA000 000228 (v01 HPQOEM 87B8     00000001 ACPI 20120913)
[    0.005352] kernel: ACPI: VFCT 0x00000000C73BC000 00D484 (v01 HPQOEM 87B8     00000001 HP   31504F47)
[    0.005356] kernel: ACPI: SSDT 0x00000000C73BB000 000050 (v01 HPQOEM 87B8     00000001 ACPI 20120913)
[    0.005359] kernel: ACPI: TPM2 0x00000000C73BA000 00004C (v04 HPQOEM 87B8     00000001 HP   00000000)
[    0.005362] kernel: ACPI: SSDT 0x00000000C73B8000 001BF4 (v01 HPQOEM 87B8     00000001 ACPI 00000001)
[    0.005366] kernel: ACPI: CRAT 0x00000000C73B7000 000F28 (v01 HPQOEM 87B8     00000001 HP   00000001)
[    0.005369] kernel: ACPI: CDIT 0x00000000C73B6000 000029 (v01 HPQOEM 87B8     00000001 HP   00000001)
[    0.005372] kernel: ACPI: SSDT 0x00000000C73B5000 000139 (v01 HPQOEM 87B8     00000001 ACPI 20120913)
[    0.005375] kernel: ACPI: SSDT 0x00000000C73B4000 0000C2 (v01 HPQOEM 87B8     00000001 ACPI 20120913)
[    0.005379] kernel: ACPI: SSDT 0x00000000C73B3000 000D37 (v01 HPQOEM 87B8     00000001 ACPI 20120913)
[    0.005382] kernel: ACPI: SSDT 0x00000000C73B1000 0010A5 (v01 HPQOEM 87B8     00000001 ACPI 20120913)
[    0.005385] kernel: ACPI: SSDT 0x00000000C73AD000 0030C8 (v01 HPQOEM 87B8     00000001 ACPI 20120913)
[    0.005389] kernel: ACPI: WSMT 0x00000000C73AC000 000028 (v01 HPQOEM 87B8     01072009 HP   00010013)
[    0.005392] kernel: ACPI: APIC 0x00000000C73AB000 0000DE (v03 HPQOEM 87B8     01072009 HP   00010013)
[    0.005395] kernel: ACPI: SSDT 0x00000000C73AA000 00007D (v01 HPQOEM 87B8     00000001 ACPI 20120913)
[    0.005398] kernel: ACPI: SSDT 0x00000000C73A9000 000517 (v01 HPQOEM 87B8     00000001 ACPI 20120913)
[    0.005402] kernel: ACPI: SSDT 0x00000000C73A8000 00020A (v01 HPQOEM 87B8     00000001 ACPI 20120913)
[    0.005405] kernel: ACPI: SSDT 0x00000000C73A7000 0006F8 (v01 HPQOEM 87B8     00000001 ACPI 20120913)
[    0.005408] kernel: ACPI: SSDT 0x00000000C73A6000 0002BF (v01 HPQOEM 87B8     00000001 ACPI 20120913)
[    0.005412] kernel: ACPI: FPDT 0x00000000C73A5000 000044 (v01 HPQOEM 87B8     01072009 HP   01000013)
[    0.005415] kernel: ACPI: BGRT 0x00000000C73A4000 000038 (v01 HPQOEM 87B8     01072009 HP   00010013)
[    0.005418] kernel: ACPI: Reserving FACP table memory at [mem 0xc73e3000-0xc73e3113]
[    0.005419] kernel: ACPI: Reserving DSDT table memory at [mem 0xc73ce000-0xc73e2959]
[    0.005421] kernel: ACPI: Reserving FACS table memory at [mem 0xc7690000-0xc769003f]
[    0.005422] kernel: ACPI: Reserving MSDM table memory at [mem 0xc73ed000-0xc73ed054]
[    0.005423] kernel: ACPI: Reserving SSDT table memory at [mem 0xc73e5000-0xc73ec215]
[    0.005424] kernel: ACPI: Reserving IVRS table memory at [mem 0xc73e4000-0xc73e41a3]
[    0.005425] kernel: ACPI: Reserving FIDT table memory at [mem 0xc73cd000-0xc73cd09b]
[    0.005426] kernel: ACPI: Reserving MCFG table memory at [mem 0xc73cc000-0xc73cc03b]
[    0.005428] kernel: ACPI: Reserving HPET table memory at [mem 0xc73cb000-0xc73cb037]
[    0.005429] kernel: ACPI: Reserving SSDT table memory at [mem 0xc73ca000-0xc73ca227]
[    0.005430] kernel: ACPI: Reserving VFCT table memory at [mem 0xc73bc000-0xc73c9483]
[    0.005431] kernel: ACPI: Reserving SSDT table memory at [mem 0xc73bb000-0xc73bb04f]
[    0.005432] kernel: ACPI: Reserving TPM2 table memory at [mem 0xc73ba000-0xc73ba04b]
[    0.005433] kernel: ACPI: Reserving SSDT table memory at [mem 0xc73b8000-0xc73b9bf3]
[    0.005434] kernel: ACPI: Reserving CRAT table memory at [mem 0xc73b7000-0xc73b7f27]
[    0.005435] kernel: ACPI: Reserving CDIT table memory at [mem 0xc73b6000-0xc73b6028]
[    0.005437] kernel: ACPI: Reserving SSDT table memory at [mem 0xc73b5000-0xc73b5138]
[    0.005438] kernel: ACPI: Reserving SSDT table memory at [mem 0xc73b4000-0xc73b40c1]
[    0.005439] kernel: ACPI: Reserving SSDT table memory at [mem 0xc73b3000-0xc73b3d36]
[    0.005440] kernel: ACPI: Reserving SSDT table memory at [mem 0xc73b1000-0xc73b20a4]
[    0.005441] kernel: ACPI: Reserving SSDT table memory at [mem 0xc73ad000-0xc73b00c7]
[    0.005442] kernel: ACPI: Reserving WSMT table memory at [mem 0xc73ac000-0xc73ac027]
[    0.005444] kernel: ACPI: Reserving APIC table memory at [mem 0xc73ab000-0xc73ab0dd]
[    0.005445] kernel: ACPI: Reserving SSDT table memory at [mem 0xc73aa000-0xc73aa07c]
[    0.005446] kernel: ACPI: Reserving SSDT table memory at [mem 0xc73a9000-0xc73a9516]
[    0.005447] kernel: ACPI: Reserving SSDT table memory at [mem 0xc73a8000-0xc73a8209]
[    0.005448] kernel: ACPI: Reserving SSDT table memory at [mem 0xc73a7000-0xc73a76f7]
[    0.005449] kernel: ACPI: Reserving SSDT table memory at [mem 0xc73a6000-0xc73a62be]
[    0.005451] kernel: ACPI: Reserving FPDT table memory at [mem 0xc73a5000-0xc73a5043]
[    0.005452] kernel: ACPI: Reserving BGRT table memory at [mem 0xc73a4000-0xc73a4037]
[    0.005618] kernel: No NUMA configuration found
[    0.005619] kernel: Faking a node at [mem 0x0000000000000000-0x000000040f33ffff]
[    0.005626] kernel: NODE_DATA(0) allocated [mem 0x40f316000-0x40f33ffff]
[    0.005828] kernel: Zone ranges:
[    0.005829] kernel:   DMA      [mem 0x0000000000001000-0x0000000000ffffff]
[    0.005831] kernel:   DMA32    [mem 0x0000000001000000-0x00000000ffffffff]
[    0.005833] kernel:   Normal   [mem 0x0000000100000000-0x000000040f33ffff]
[    0.005834] kernel:   Device   empty
[    0.005836] kernel: Movable zone start for each node
[    0.005838] kernel: Early memory node ranges
[    0.005839] kernel:   node   0: [mem 0x0000000000001000-0x000000000009ffff]
[    0.005840] kernel:   node   0: [mem 0x0000000000100000-0x0000000009ecffff]
[    0.005842] kernel:   node   0: [mem 0x000000000a000000-0x000000000a1fffff]
[    0.005843] kernel:   node   0: [mem 0x000000000a210000-0x00000000c7258fff]
[    0.005844] kernel:   node   0: [mem 0x00000000ccffe000-0x00000000cdffffff]
[    0.005845] kernel:   node   0: [mem 0x0000000100000000-0x000000040f33ffff]
[    0.005848] kernel: Initmem setup node 0 [mem 0x0000000000001000-0x000000040f33ffff]
[    0.005852] kernel: On node 0, zone DMA: 1 pages in unavailable ranges
[    0.005869] kernel: On node 0, zone DMA: 96 pages in unavailable ranges
[    0.006020] kernel: On node 0, zone DMA32: 304 pages in unavailable ranges
[    0.011638] kernel: On node 0, zone DMA32: 16 pages in unavailable ranges
[    0.011913] kernel: On node 0, zone DMA32: 23973 pages in unavailable ranges
[    0.035807] kernel: On node 0, zone Normal: 8192 pages in unavailable ranges
[    0.035847] kernel: On node 0, zone Normal: 3264 pages in unavailable ranges
[    0.035955] kernel: ACPI: PM-Timer IO Port: 0x808
[    0.035963] kernel: ACPI: LAPIC_NMI (acpi_id[0xff] high edge lint[0x1])
[    0.035976] kernel: IOAPIC[0]: apic_id 9, version 33, address 0xfec00000, GSI 0-23
[    0.035981] kernel: IOAPIC[1]: apic_id 10, version 33, address 0xfec01000, GSI 24-55
[    0.035984] kernel: ACPI: INT_SRC_OVR (bus 0 bus_irq 0 global_irq 2 dfl dfl)
[    0.035986] kernel: ACPI: INT_SRC_OVR (bus 0 bus_irq 9 global_irq 9 low level)
[    0.035989] kernel: ACPI: Using ACPI (MADT) for SMP configuration information
[    0.035991] kernel: ACPI: HPET id: 0x10228201 base: 0xfed00000
[    0.036005] kernel: e820: update [mem 0xc4480000-0xc4493fff] usable ==> reserved
[    0.036017] kernel: smpboot: Allowing 16 CPUs, 8 hotplug CPUs
[    0.036037] kernel: PM: hibernation: Registered nosave memory: [mem 0x00000000-0x00000fff]
[    0.036039] kernel: PM: hibernation: Registered nosave memory: [mem 0x000a0000-0x000fffff]
[    0.036041] kernel: PM: hibernation: Registered nosave memory: [mem 0x09ed0000-0x09ffffff]
[    0.036043] kernel: PM: hibernation: Registered nosave memory: [mem 0x0a200000-0x0a20ffff]
[    0.036045] kernel: PM: hibernation: Registered nosave memory: [mem 0xc3e8a000-0xc3e8afff]
[    0.036047] kernel: PM: hibernation: Registered nosave memory: [mem 0xc3e97000-0xc3e97fff]
[    0.036049] kernel: PM: hibernation: Registered nosave memory: [mem 0xc4480000-0xc4493fff]
[    0.036051] kernel: PM: hibernation: Registered nosave memory: [mem 0xc6be7000-0xc6be7fff]
[    0.036052] kernel: PM: hibernation: Registered nosave memory: [mem 0xc7259000-0xc7386fff]
[    0.036053] kernel: PM: hibernation: Registered nosave memory: [mem 0xc7387000-0xc73effff]
[    0.036054] kernel: PM: hibernation: Registered nosave memory: [mem 0xc73f0000-0xc76d9fff]
[    0.036055] kernel: PM: hibernation: Registered nosave memory: [mem 0xc76da000-0xccffdfff]
[    0.036057] kernel: PM: hibernation: Registered nosave memory: [mem 0xce000000-0xcfffffff]
[    0.036058] kernel: PM: hibernation: Registered nosave memory: [mem 0xd0000000-0xefffffff]
[    0.036059] kernel: PM: hibernation: Registered nosave memory: [mem 0xf0000000-0xf7ffffff]
[    0.036060] kernel: PM: hibernation: Registered nosave memory: [mem 0xf8000000-0xfcffffff]
[    0.036061] kernel: PM: hibernation: Registered nosave memory: [mem 0xfd000000-0xffffffff]
[    0.036063] kernel: [mem 0xd0000000-0xefffffff] available for PCI devices
[    0.036065] kernel: Booting paravirtualized kernel on bare hardware
[    0.036068] kernel: clocksource: refined-jiffies: mask: 0xffffffff max_cycles: 0xffffffff, max_idle_ns: 7645519600211568 ns
[    0.036076] kernel: setup_percpu: NR_CPUS:8192 nr_cpumask_bits:16 nr_cpu_ids:16 nr_node_ids:1
[    0.036753] kernel: percpu: Embedded 60 pages/cpu s208896 r8192 d28672 u262144
[    0.036763] kernel: pcpu-alloc: s208896 r8192 d28672 u262144 alloc=1*2097152
[    0.036765] kernel: pcpu-alloc: [0] 00 01 02 03 04 05 06 07 [0] 08 09 10 11 12 13 14 15 
[    0.036802] kernel: Built 1 zonelists, mobility grouping on.  Total pages: 3964297
[    0.036803] kernel: Policy zone: Normal
[    0.036805] kernel: Kernel command line: BOOT_IMAGE=/boot/vmlinuz-5.15.0-72-generic root=UUID=cecef076-4c60-40ff-a861-1beae82e30bc ro nouveau.blacklist=1 acpi_backlight=vendor "acpi_osi=!Windows 2013" "acpi_osi=!Windows 2012" pcie_aspm=off
[    0.036894] kernel: PCIe ASPM is disabled
[    0.036897] kernel: Unknown kernel command line parameters "BOOT_IMAGE=/boot/vmlinuz-5.15.0-72-generic", will be passed to user space.
[    0.038649] kernel: Dentry cache hash table entries: 2097152 (order: 12, 16777216 bytes, linear)
[    0.039524] kernel: Inode-cache hash table entries: 1048576 (order: 11, 8388608 bytes, linear)
[    0.039591] kernel: mem auto-init: stack:off, heap alloc:on, heap free:off
[    0.081763] kernel: Memory: 15569744K/16109544K available (16393K kernel code, 4378K rwdata, 10812K rodata, 3244K init, 6560K bss, 539540K reserved, 0K cma-reserved)
[    0.081885] kernel: SLUB: HWalign=64, Order=0-3, MinObjects=0, CPUs=16, Nodes=1
[    0.081899] kernel: ftrace: allocating 50094 entries in 196 pages
[    0.101093] kernel: ftrace: allocated 196 pages with 3 groups
[    0.101213] kernel: rcu: Hierarchical RCU implementation.
[    0.101214] kernel: rcu:         RCU restricting CPUs from NR_CPUS=8192 to nr_cpu_ids=16.
[    0.101215] kernel:         Rude variant of Tasks RCU enabled.
[    0.101216] kernel:         Tracing variant of Tasks RCU enabled.
[    0.101217] kernel: rcu: RCU calculated value of scheduler-enlistment delay is 25 jiffies.
[    0.101218] kernel: rcu: Adjusting geometry for rcu_fanout_leaf=16, nr_cpu_ids=16
[    0.104204] kernel: NR_IRQS: 524544, nr_irqs: 1096, preallocated irqs: 16
[    0.104445] kernel: Console: colour dummy device 80x25
[    0.104679] kernel: printk: console [tty0] enabled
[    0.104698] kernel: ACPI: Core revision 20210730
[    0.104899] kernel: clocksource: hpet: mask: 0xffffffff max_cycles: 0xffffffff, max_idle_ns: 133484873504 ns
[    0.104920] kernel: APIC: Switch to symmetric I/O mode setup
[    0.105541] kernel: AMD-Vi: ivrs, add hid:AMDI0020, uid:\_SB.FUR0, rdevid:160
[    0.105544] kernel: AMD-Vi: ivrs, add hid:AMDI0020, uid:\_SB.FUR1, rdevid:160
[    0.105546] kernel: AMD-Vi: ivrs, add hid:AMDI0020, uid:\_SB.FUR2, rdevid:160
[    0.105548] kernel: AMD-Vi: ivrs, add hid:AMDI0020, uid:\_SB.FUR3, rdevid:160
[    0.105800] kernel: Switched APIC routing to physical flat.
[    0.106399] kernel: ..TIMER: vector=0x30 apic1=0 pin1=2 apic2=-1 pin2=-1
[    0.124922] kernel: clocksource: tsc-early: mask: 0xffffffffffffffff max_cycles: 0x398d052e042, max_idle_ns: 881590693073 ns
[    0.124933] kernel: Calibrating delay loop (skipped), value calculated using timer frequency.. 3992.59 BogoMIPS (lpj=7985180)
[    0.124937] kernel: pid_max: default: 32768 minimum: 301
[    0.127763] kernel: LSM: Security Framework initializing
[    0.127777] kernel: landlock: Up and running.
[    0.127779] kernel: Yama: becoming mindful.
[    0.127813] kernel: AppArmor: AppArmor initialized
[    0.127891] kernel: Mount-cache hash table entries: 32768 (order: 6, 262144 bytes, linear)
[    0.127936] kernel: Mountpoint-cache hash table entries: 32768 (order: 6, 262144 bytes, linear)
[    0.128216] kernel: x86/cpu: User Mode Instruction Prevention (UMIP) activated
[    0.128272] kernel: LVT offset 1 assigned for vector 0xf9
[    0.128377] kernel: LVT offset 2 assigned for vector 0xf4
[    0.128402] kernel: Last level iTLB entries: 4KB 1024, 2MB 1024, 4MB 512
[    0.128404] kernel: Last level dTLB entries: 4KB 2048, 2MB 2048, 4MB 1024, 1GB 0
[    0.128411] kernel: Spectre V1 : Mitigation: usercopy/swapgs barriers and __user pointer sanitization
[    0.128415] kernel: Spectre V2 : Mitigation: Retpolines
[    0.128417] kernel: Spectre V2 : Spectre v2 / SpectreRSB mitigation: Filling RSB on context switch
[    0.128419] kernel: Spectre V2 : Spectre v2 / SpectreRSB : Filling RSB on VMEXIT
[    0.128421] kernel: Spectre V2 : Enabling Speculation Barrier for firmware calls
[    0.128422] kernel: RETBleed: Mitigation: untrained return thunk
[    0.128425] kernel: Spectre V2 : mitigation: Enabling conditional Indirect Branch Prediction Barrier
[    0.128429] kernel: Speculative Store Bypass: Mitigation: Speculative Store Bypass disabled via prctl and seccomp
[    0.138264] kernel: Freeing SMP alternatives memory: 40K
[    0.248298] kernel: smpboot: CPU0: AMD Ryzen 7 4700U with Radeon Graphics (family: 0x17, model: 0x60, stepping: 0x1)
[    0.248437] kernel: Performance Events: Fam17h+ core perfctr, AMD PMU driver.
[    0.248445] kernel: ... version:                0
[    0.248446] kernel: ... bit width:              48
[    0.248447] kernel: ... generic registers:      6
[    0.248448] kernel: ... value mask:             0000ffffffffffff
[    0.248450] kernel: ... max period:             00007fffffffffff
[    0.248452] kernel: ... fixed-purpose events:   0
[    0.248453] kernel: ... event mask:             000000000000003f
[    0.248510] kernel: rcu: Hierarchical SRCU implementation.
[    0.248910] kernel: NMI watchdog: Enabled. Permanently consumes one hw-PMU counter.
[    0.248926] kernel: smp: Bringing up secondary CPUs ...
[    0.248926] kernel: x86: Booting SMP configuration:
[    0.248926] kernel: .... node  #0, CPUs:        #1  #2  #3  #4  #5  #6  #7
[    0.260977] kernel: smp: Brought up 1 node, 8 CPUs
[    0.260984] kernel: smpboot: Max logical packages: 2
[    0.260986] kernel: smpboot: Total of 8 processors activated (31940.72 BogoMIPS)
[    0.262100] kernel: devtmpfs: initialized
[    0.262100] kernel: x86/mm: Memory block size: 128MB
[    0.262100] kernel: ACPI: PM: Registering ACPI NVS region [mem 0x0a200000-0x0a20ffff] (65536 bytes)
[    0.262100] kernel: ACPI: PM: Registering ACPI NVS region [mem 0xc73f0000-0xc76d9fff] (3055616 bytes)
[    0.262100] kernel: clocksource: jiffies: mask: 0xffffffff max_cycles: 0xffffffff, max_idle_ns: 7645041785100000 ns
[    0.262100] kernel: futex hash table entries: 4096 (order: 6, 262144 bytes, linear)
[    0.262100] kernel: pinctrl core: initialized pinctrl subsystem
[    0.264972] kernel: PM: RTC time: 11:52:08, date: 2023-05-29
[    0.265477] kernel: NET: Registered PF_NETLINK/PF_ROUTE protocol family
[    0.265683] kernel: DMA: preallocated 2048 KiB GFP_KERNEL pool for atomic allocations
[    0.265855] kernel: DMA: preallocated 2048 KiB GFP_KERNEL|GFP_DMA pool for atomic allocations
[    0.266035] kernel: DMA: preallocated 2048 KiB GFP_KERNEL|GFP_DMA32 pool for atomic allocations
[    0.266052] kernel: audit: initializing netlink subsys (disabled)
[    0.266107] kernel: audit: type=2000 audit(1685361127.160:1): state=initialized audit_enabled=0 res=1
[    0.266107] kernel: thermal_sys: Registered thermal governor 'fair_share'
[    0.266107] kernel: thermal_sys: Registered thermal governor 'bang_bang'
[    0.266107] kernel: thermal_sys: Registered thermal governor 'step_wise'
[    0.266107] kernel: thermal_sys: Registered thermal governor 'user_space'
[    0.266107] kernel: thermal_sys: Registered thermal governor 'power_allocator'
[    0.266107] kernel: EISA bus registered
[    0.266107] kernel: cpuidle: using governor ladder
[    0.266107] kernel: cpuidle: using governor menu
[    0.266107] kernel: ACPI FADT declares the system doesn't support PCIe ASPM, so disable it
[    0.266107] kernel: ACPI: bus type PCI registered
[    0.266107] kernel: acpiphp: ACPI Hot Plug PCI Controller Driver version: 0.5
[    0.266107] kernel: PCI: MMCONFIG for domain 0000 [bus 00-7f] at [mem 0xf0000000-0xf7ffffff] (base 0xf0000000)
[    0.266107] kernel: PCI: MMCONFIG at [mem 0xf0000000-0xf7ffffff] reserved in E820
[    0.266107] kernel: PCI: Using configuration type 1 for base access
[    0.266254] kernel: kprobes: kprobe jump-optimization is enabled. All kprobes are optimized if possible.
[    0.266259] kernel: HugeTLB registered 1.00 GiB page size, pre-allocated 0 pages
[    0.266259] kernel: HugeTLB registered 2.00 MiB page size, pre-allocated 0 pages
[    0.268973] kernel: fbcon: Taking over console
[    0.268989] kernel: ACPI: Added _OSI(Module Device)
[    0.268991] kernel: ACPI: Added _OSI(Processor Device)
[    0.268993] kernel: ACPI: Added _OSI(3.0 _SCP Extensions)
[    0.268994] kernel: ACPI: Added _OSI(Processor Aggregator Device)
[    0.268996] kernel: ACPI: Added _OSI(Linux-Dell-Video)
[    0.268997] kernel: ACPI: Added _OSI(Linux-Lenovo-NV-HDMI-Audio)
[    0.268999] kernel: ACPI: Added _OSI(Linux-HPI-Hybrid-Graphics)
[    0.269001] kernel: ACPI: Deleted _OSI(Windows 2013)
[    0.269002] kernel: ACPI: Deleted _OSI(Windows 2012)
[    0.287219] kernel: ACPI: 15 ACPI AML tables successfully acquired and loaded
[    0.288622] kernel: ACPI: [Firmware Bug]: BIOS _OSI(Linux) query ignored
[    0.290815] kernel: ACPI: EC: EC started
[    0.290817] kernel: ACPI: EC: interrupt blocked
[    1.097045] kernel: ACPI: EC: EC_CMD/EC_SC=0x66, EC_DATA=0x62
[    1.097057] kernel: ACPI: \_SB_.PCI0.SBRG.EC0_: Boot DSDT EC used to handle transactions
[    1.097065] kernel: ACPI: Interpreter enabled
[    1.097106] kernel: ACPI: PM: (supports S0 S4 S5)
[    1.097111] kernel: ACPI: Using IOAPIC for interrupt routing
[    1.097634] kernel: PCI: Using host bridge windows from ACPI; if necessary, use "pci=nocrs" and report a bug
[    1.097643] kernel: PCI: Using E820 reservations for host bridge windows
[    1.099719] kernel: ACPI: PM: Power Resource [P0U0]
[    1.099739] kernel: ACPI: PM: Power Resource [P3U0]
[    1.100174] kernel: ACPI: PM: Power Resource [P0U1]
[    1.100192] kernel: ACPI: PM: Power Resource [P3U1]
[    1.100571] kernel: ACPI: PM: Power Resource [P0S0]
[    1.100589] kernel: ACPI: PM: Power Resource [P3S0]
[    1.100664] kernel: ACPI: PM: Power Resource [P0S1]
[    1.100680] kernel: ACPI: PM: Power Resource [P3S1]
[    1.107961] kernel: ACPI: PM: Power Resource [PRWL]
[    1.108471] kernel: ACPI: PCI Root Bridge [PCI0] (domain 0000 [bus 00-ff])
[    1.108477] kernel: acpi PNP0A08:00: _OSC: OS supports [ExtendedConfig Segments MSI EDR HPX-Type3]
[    1.108560] kernel: acpi PNP0A08:00: _OSC: not requesting OS control; OS requires [ExtendedConfig ASPM ClockPM MSI]
[    1.108571] kernel: acpi PNP0A08:00: [Firmware Info]: MMCONFIG for domain 0000 [bus 00-7f] only partially covers this bridge
[    1.108912] kernel: PCI host bridge to bus 0000:00
[    1.108915] kernel: pci_bus 0000:00: root bus resource [bus 00-ff]
[    1.108917] kernel: pci_bus 0000:00: root bus resource [io  0x0000-0x0cf7 window]
[    1.108919] kernel: pci_bus 0000:00: root bus resource [io  0x0d00-0xffff window]
[    1.108921] kernel: pci_bus 0000:00: root bus resource [mem 0x000a0000-0x000dffff window]
[    1.108928] kernel: pci_bus 0000:00: root bus resource [mem 0xd0000000-0xfebfffff window]
[    1.108931] kernel: pci_bus 0000:00: root bus resource [mem 0xfee00000-0xffffffff window]
[    1.109003] kernel: pci 0000:00:00.0: [1022:1630] type 00 class 0x060000
[    1.109147] kernel: pci 0000:00:00.2: [1022:1631] type 00 class 0x080600
[    1.109286] kernel: pci 0000:00:01.0: [1022:1632] type 00 class 0x060000
[    1.109408] kernel: pci 0000:00:02.0: [1022:1632] type 00 class 0x060000
[    1.109529] kernel: pci 0000:00:02.2: [1022:1634] type 01 class 0x060400
[    1.109551] kernel: pci 0000:00:02.2: enabling Extended Tags
[    1.109588] kernel: pci 0000:00:02.2: PME# supported from D0 D3hot D3cold
[    1.109723] kernel: pci 0000:00:02.4: [1022:1634] type 01 class 0x060400
[    1.109745] kernel: pci 0000:00:02.4: enabling Extended Tags
[    1.109780] kernel: pci 0000:00:02.4: PME# supported from D0 D3hot D3cold
[    1.109912] kernel: pci 0000:00:08.0: [1022:1632] type 00 class 0x060000
[    1.110030] kernel: pci 0000:00:08.1: [1022:1635] type 01 class 0x060400
[    1.110051] kernel: pci 0000:00:08.1: enabling Extended Tags
[    1.110080] kernel: pci 0000:00:08.1: PME# supported from D0 D3hot D3cold
[    1.110224] kernel: pci 0000:00:14.0: [1022:790b] type 00 class 0x0c0500
[    1.110392] kernel: pci 0000:00:14.3: [1022:790e] type 00 class 0x060100
[    1.110564] kernel: pci 0000:00:18.0: [1022:1448] type 00 class 0x060000
[    1.110662] kernel: pci 0000:00:18.1: [1022:1449] type 00 class 0x060000
[    1.110760] kernel: pci 0000:00:18.2: [1022:144a] type 00 class 0x060000
[    1.110859] kernel: pci 0000:00:18.3: [1022:144b] type 00 class 0x060000
[    1.110956] kernel: pci 0000:00:18.4: [1022:144c] type 00 class 0x060000
[    1.111054] kernel: pci 0000:00:18.5: [1022:144d] type 00 class 0x060000
[    1.111153] kernel: pci 0000:00:18.6: [1022:144e] type 00 class 0x060000
[    1.111255] kernel: pci 0000:00:18.7: [1022:144f] type 00 class 0x060000
[    1.111368] kernel: pci 0000:01:00.0: [10ec:c821] type 00 class 0x028000
[    1.111387] kernel: pci 0000:01:00.0: reg 0x10: [io  0xf000-0xf0ff]
[    1.111409] kernel: pci 0000:01:00.0: reg 0x18: [mem 0xfe600000-0xfe60ffff 64bit]
[    1.111521] kernel: pci 0000:01:00.0: supports D1 D2
[    1.111523] kernel: pci 0000:01:00.0: PME# supported from D0 D1 D2 D3hot D3cold
[    1.112055] kernel: pci 0000:00:02.2: PCI bridge to [bus 01]
[    1.112060] kernel: pci 0000:00:02.2:   bridge window [io  0xf000-0xffff]
[    1.112063] kernel: pci 0000:00:02.2:   bridge window [mem 0xfe600000-0xfe6fffff]
[    1.112314] kernel: pci 0000:02:00.0: [144d:a809] type 00 class 0x010802
[    1.112332] kernel: pci 0000:02:00.0: reg 0x10: [mem 0xfe500000-0xfe503fff 64bit]
[    1.112509] kernel: pci 0000:00:02.4: PCI bridge to [bus 02]
[    1.112514] kernel: pci 0000:00:02.4:   bridge window [mem 0xfe500000-0xfe5fffff]
[    1.112603] kernel: pci 0000:03:00.0: [1002:1636] type 00 class 0x030000
[    1.112616] kernel: pci 0000:03:00.0: reg 0x10: [mem 0xd0000000-0xdfffffff 64bit pref]
[    1.112624] kernel: pci 0000:03:00.0: reg 0x18: [mem 0xe0000000-0xe01fffff 64bit pref]
[    1.112631] kernel: pci 0000:03:00.0: reg 0x20: [io  0xe000-0xe0ff]
[    1.112637] kernel: pci 0000:03:00.0: reg 0x24: [mem 0xfe400000-0xfe47ffff]
[    1.112645] kernel: pci 0000:03:00.0: enabling Extended Tags
[    1.112657] kernel: pci 0000:03:00.0: BAR 0: assigned to efifb
[    1.112693] kernel: pci 0000:03:00.0: PME# supported from D1 D2 D3hot D3cold
[    1.112726] kernel: pci 0000:03:00.0: 126.016 Gb/s available PCIe bandwidth, limited by 8.0 GT/s PCIe x16 link at 0000:00:08.1 (capable of 252.048 Gb/s with 16.0 GT/s PCIe x16 link)
[    1.112795] kernel: pci 0000:03:00.1: [1002:1637] type 00 class 0x040300
[    1.112803] kernel: pci 0000:03:00.1: reg 0x10: [mem 0xfe4c8000-0xfe4cbfff]
[    1.112824] kernel: pci 0000:03:00.1: enabling Extended Tags
[    1.112851] kernel: pci 0000:03:00.1: PME# supported from D1 D2 D3hot D3cold
[    1.112921] kernel: pci 0000:03:00.2: [1022:15df] type 00 class 0x108000
[    1.112938] kernel: pci 0000:03:00.2: reg 0x18: [mem 0xfe300000-0xfe3fffff]
[    1.112948] kernel: pci 0000:03:00.2: reg 0x24: [mem 0xfe4cc000-0xfe4cdfff]
[    1.112956] kernel: pci 0000:03:00.2: enabling Extended Tags
[    1.113050] kernel: pci 0000:03:00.3: [1022:1639] type 00 class 0x0c0330
[    1.113061] kernel: pci 0000:03:00.3: reg 0x10: [mem 0xfe200000-0xfe2fffff 64bit]
[    1.113085] kernel: pci 0000:03:00.3: enabling Extended Tags
[    1.113114] kernel: pci 0000:03:00.3: PME# supported from D0 D3hot D3cold
[    1.113185] kernel: pci 0000:03:00.4: [1022:1639] type 00 class 0x0c0330
[    1.113197] kernel: pci 0000:03:00.4: reg 0x10: [mem 0xfe100000-0xfe1fffff 64bit]
[    1.113220] kernel: pci 0000:03:00.4: enabling Extended Tags
[    1.113249] kernel: pci 0000:03:00.4: PME# supported from D0 D3hot D3cold
[    1.113323] kernel: pci 0000:03:00.5: [1022:15e2] type 00 class 0x048000
[    1.113331] kernel: pci 0000:03:00.5: reg 0x10: [mem 0xfe480000-0xfe4bffff]
[    1.113352] kernel: pci 0000:03:00.5: enabling Extended Tags
[    1.113379] kernel: pci 0000:03:00.5: PME# supported from D0 D3hot D3cold
[    1.113448] kernel: pci 0000:03:00.6: [1022:15e3] type 00 class 0x040300
[    1.113456] kernel: pci 0000:03:00.6: reg 0x10: [mem 0xfe4c0000-0xfe4c7fff]
[    1.113477] kernel: pci 0000:03:00.6: enabling Extended Tags
[    1.113504] kernel: pci 0000:03:00.6: PME# supported from D0 D3hot D3cold
[    1.113545] kernel: pci 0000:00:08.1: PCI bridge to [bus 03]
[    1.113548] kernel: pci 0000:00:08.1:   bridge window [io  0xe000-0xefff]
[    1.113551] kernel: pci 0000:00:08.1:   bridge window [mem 0xfe100000-0xfe4fffff]
[    1.113555] kernel: pci 0000:00:08.1:   bridge window [mem 0xd0000000-0xe01fffff 64bit pref]
[    1.114313] kernel: ACPI: PCI: Interrupt link LNKA configured for IRQ 0
[    1.114362] kernel: ACPI: PCI: Interrupt link LNKB configured for IRQ 0
[    1.114405] kernel: ACPI: PCI: Interrupt link LNKC configured for IRQ 0
[    1.114457] kernel: ACPI: PCI: Interrupt link LNKD configured for IRQ 0
[    1.114504] kernel: ACPI: PCI: Interrupt link LNKE configured for IRQ 0
[    1.114544] kernel: ACPI: PCI: Interrupt link LNKF configured for IRQ 0
[    1.114583] kernel: ACPI: PCI: Interrupt link LNKG configured for IRQ 0
[    1.114625] kernel: ACPI: PCI: Interrupt link LNKH configured for IRQ 0
[    1.118894] kernel: ACPI: EC: interrupt unblocked
[    1.118897] kernel: ACPI: EC: event unblocked
[    1.118902] kernel: ACPI: EC: EC_CMD/EC_SC=0x66, EC_DATA=0x62
[    1.118904] kernel: ACPI: EC: GPE=0x3
[    1.118906] kernel: ACPI: \_SB_.PCI0.SBRG.EC0_: Boot DSDT EC initialization complete
[    1.118908] kernel: ACPI: \_SB_.PCI0.SBRG.EC0_: EC: Used to handle transactions and events
[    1.118951] kernel: iommu: Default domain type: Translated 
[    1.118951] kernel: iommu: DMA domain TLB invalidation policy: lazy mode 
[    1.118951] kernel: SCSI subsystem initialized
[    1.118951] kernel: libata version 3.00 loaded.
[    1.118951] kernel: pci 0000:03:00.0: vgaarb: VGA device added: decodes=io+mem,owns=none,locks=none
[    1.118951] kernel: pci 0000:03:00.0: vgaarb: bridge control possible
[    1.118951] kernel: pci 0000:03:00.0: vgaarb: setting as boot device
[    1.118951] kernel: vgaarb: loaded
[    1.118951] kernel: ACPI: bus type USB registered
[    1.118951] kernel: usbcore: registered new interface driver usbfs
[    1.118951] kernel: usbcore: registered new interface driver hub
[    1.118951] kernel: usbcore: registered new device driver usb
[    1.125383] kernel: pps_core: LinuxPPS API ver. 1 registered
[    1.125386] kernel: pps_core: Software ver. 5.3.6 - Copyright 2005-2007 Rodolfo Giometti <giometti@linux.it>
[    1.125390] kernel: PTP clock support registered
[    1.125403] kernel: EDAC MC: Ver: 3.0.0
[    1.125403] kernel: Registered efivars operations
[    1.125403] kernel: NetLabel: Initializing
[    1.125403] kernel: NetLabel:  domain hash size = 128
[    1.125403] kernel: NetLabel:  protocols = UNLABELED CIPSOv4 CALIPSO
[    1.125403] kernel: NetLabel:  unlabeled traffic allowed by default
[    1.125403] kernel: PCI: Using ACPI for IRQ routing
[    1.130918] kernel: PCI: pci_cache_line_size set to 64 bytes
[    1.131146] kernel: Expanded resource Reserved due to conflict with PCI Bus 0000:00
[    1.131148] kernel: e820: reserve RAM buffer [mem 0x09ed0000-0x0bffffff]
[    1.131150] kernel: e820: reserve RAM buffer [mem 0x0a200000-0x0bffffff]
[    1.131150] kernel: e820: reserve RAM buffer [mem 0xc3e8a018-0xc3ffffff]
[    1.131151] kernel: e820: reserve RAM buffer [mem 0xc4480000-0xc7ffffff]
[    1.131152] kernel: e820: reserve RAM buffer [mem 0xc6be7000-0xc7ffffff]
[    1.131153] kernel: e820: reserve RAM buffer [mem 0xc7259000-0xc7ffffff]
[    1.131154] kernel: e820: reserve RAM buffer [mem 0xce000000-0xcfffffff]
[    1.131154] kernel: e820: reserve RAM buffer [mem 0x40f340000-0x40fffffff]
[    1.131159] kernel: hpet0: at MMIO 0xfed00000, IRQs 2, 8, 0
[    1.131159] kernel: hpet0: 3 comparators, 32-bit 14.318180 MHz counter
[    1.133223] kernel: clocksource: Switched to clocksource tsc-early
[    1.140055] kernel: VFS: Disk quotas dquot_6.6.0
[    1.140074] kernel: VFS: Dquot-cache hash table entries: 512 (order 0, 4096 bytes)
[    1.140170] kernel: AppArmor: AppArmor Filesystem Enabled
[    1.140209] kernel: pnp: PnP ACPI init
[    1.140345] kernel: system 00:00: [mem 0xf0000000-0xf7ffffff] has been reserved
[    1.140638] kernel: system 00:03: [io  0x04d0-0x04d1] has been reserved
[    1.140641] kernel: system 00:03: [io  0x040b] has been reserved
[    1.140643] kernel: system 00:03: [io  0x04d6] has been reserved
[    1.140645] kernel: system 00:03: [io  0x0c00-0x0c01] has been reserved
[    1.140647] kernel: system 00:03: [io  0x0c14] has been reserved
[    1.140649] kernel: system 00:03: [io  0x0c50-0x0c51] has been reserved
[    1.140651] kernel: system 00:03: [io  0x0c52] has been reserved
[    1.140654] kernel: system 00:03: [io  0x0c6c] has been reserved
[    1.140656] kernel: system 00:03: [io  0x0c6f] has been reserved
[    1.140659] kernel: system 00:03: [io  0x0cd0-0x0cd1] has been reserved
[    1.140661] kernel: system 00:03: [io  0x0cd2-0x0cd3] has been reserved
[    1.140663] kernel: system 00:03: [io  0x0cd4-0x0cd5] has been reserved
[    1.140665] kernel: system 00:03: [io  0x0cd6-0x0cd7] has been reserved
[    1.140667] kernel: system 00:03: [io  0x0cd8-0x0cdf] has been reserved
[    1.140669] kernel: system 00:03: [io  0x0800-0x089f] has been reserved
[    1.140671] kernel: system 00:03: [io  0x0b00-0x0b0f] has been reserved
[    1.140673] kernel: system 00:03: [io  0x0b20-0x0b3f] has been reserved
[    1.140675] kernel: system 00:03: [io  0x0900-0x090f] has been reserved
[    1.140677] kernel: system 00:03: [io  0x0910-0x091f] has been reserved
[    1.140679] kernel: system 00:03: [mem 0xfec00000-0xfec00fff] could not be reserved
[    1.140682] kernel: system 00:03: [mem 0xfec01000-0xfec01fff] could not be reserved
[    1.140684] kernel: system 00:03: [mem 0xfedc0000-0xfedc0fff] has been reserved
[    1.140686] kernel: system 00:03: [mem 0xfee00000-0xfee00fff] has been reserved
[    1.140688] kernel: system 00:03: [mem 0xfed80000-0xfed8ffff] could not be reserved
[    1.140691] kernel: system 00:03: [mem 0xfec10000-0xfec10fff] has been reserved
[    1.140693] kernel: system 00:03: [mem 0xff000000-0xffffffff] has been reserved
[    1.142718] kernel: pnp: PnP ACPI: found 4 devices
[    1.150499] kernel: clocksource: acpi_pm: mask: 0xffffff max_cycles: 0xffffff, max_idle_ns: 2085701024 ns
[    1.150621] kernel: NET: Registered PF_INET protocol family
[    1.150861] kernel: IP idents hash table entries: 262144 (order: 9, 2097152 bytes, linear)
[    1.153360] kernel: tcp_listen_portaddr_hash hash table entries: 8192 (order: 5, 131072 bytes, linear)
[    1.153391] kernel: Table-perturb hash table entries: 65536 (order: 6, 262144 bytes, linear)
[    1.153488] kernel: TCP established hash table entries: 131072 (order: 8, 1048576 bytes, linear)
[    1.153679] kernel: TCP bind hash table entries: 65536 (order: 8, 1048576 bytes, linear)
[    1.153745] kernel: TCP: Hash tables configured (established 131072 bind 65536)
[    1.153840] kernel: MPTCP token hash table entries: 16384 (order: 6, 393216 bytes, linear)
[    1.153885] kernel: UDP hash table entries: 8192 (order: 6, 262144 bytes, linear)
[    1.153926] kernel: UDP-Lite hash table entries: 8192 (order: 6, 262144 bytes, linear)
[    1.153985] kernel: NET: Registered PF_UNIX/PF_LOCAL protocol family
[    1.153990] kernel: NET: Registered PF_XDP protocol family
[    1.154006] kernel: pci 0000:00:02.2: PCI bridge to [bus 01]
[    1.154010] kernel: pci 0000:00:02.2:   bridge window [io  0xf000-0xffff]
[    1.154014] kernel: pci 0000:00:02.2:   bridge window [mem 0xfe600000-0xfe6fffff]
[    1.154019] kernel: pci 0000:00:02.4: PCI bridge to [bus 02]
[    1.154022] kernel: pci 0000:00:02.4:   bridge window [mem 0xfe500000-0xfe5fffff]
[    1.154028] kernel: pci 0000:00:08.1: PCI bridge to [bus 03]
[    1.154031] kernel: pci 0000:00:08.1:   bridge window [io  0xe000-0xefff]
[    1.154034] kernel: pci 0000:00:08.1:   bridge window [mem 0xfe100000-0xfe4fffff]
[    1.154037] kernel: pci 0000:00:08.1:   bridge window [mem 0xd0000000-0xe01fffff 64bit pref]
[    1.154042] kernel: pci_bus 0000:00: resource 4 [io  0x0000-0x0cf7 window]
[    1.154045] kernel: pci_bus 0000:00: resource 5 [io  0x0d00-0xffff window]
[    1.154047] kernel: pci_bus 0000:00: resource 6 [mem 0x000a0000-0x000dffff window]
[    1.154049] kernel: pci_bus 0000:00: resource 7 [mem 0xd0000000-0xfebfffff window]
[    1.154051] kernel: pci_bus 0000:00: resource 8 [mem 0xfee00000-0xffffffff window]
[    1.154054] kernel: pci_bus 0000:01: resource 0 [io  0xf000-0xffff]
[    1.154055] kernel: pci_bus 0000:01: resource 1 [mem 0xfe600000-0xfe6fffff]
[    1.154058] kernel: pci_bus 0000:02: resource 1 [mem 0xfe500000-0xfe5fffff]
[    1.154060] kernel: pci_bus 0000:03: resource 0 [io  0xe000-0xefff]
[    1.154061] kernel: pci_bus 0000:03: resource 1 [mem 0xfe100000-0xfe4fffff]
[    1.154063] kernel: pci_bus 0000:03: resource 2 [mem 0xd0000000-0xe01fffff 64bit pref]
[    1.154376] kernel: pci 0000:03:00.1: D0 power state depends on 0000:03:00.0
[    1.154384] kernel: pci 0000:03:00.3: extending delay after power-on from D3hot to 20 msec
[    1.154573] kernel: pci 0000:03:00.4: extending delay after power-on from D3hot to 20 msec
[    1.154629] kernel: PCI: CLS 64 bytes, default 64
[    1.154642] kernel: pci 0000:00:00.2: AMD-Vi: IOMMU performance counters supported
[    1.154681] kernel: pci 0000:00:00.2: can't derive routing for PCI INT A
[    1.154684] kernel: pci 0000:00:00.2: PCI INT A: not connected
[    1.154698] kernel: pci 0000:00:01.0: Adding to iommu group 0
[    1.154709] kernel: pci 0000:00:02.0: Adding to iommu group 1
[    1.154716] kernel: pci 0000:00:02.2: Adding to iommu group 2
[    1.154725] kernel: pci 0000:00:02.4: Adding to iommu group 3
[    1.154732] kernel: Trying to unpack rootfs image as initramfs...
[    1.154735] kernel: pci 0000:00:08.0: Adding to iommu group 4
[    1.154744] kernel: pci 0000:00:08.1: Adding to iommu group 4
[    1.154754] kernel: pci 0000:00:14.0: Adding to iommu group 5
[    1.154761] kernel: pci 0000:00:14.3: Adding to iommu group 5
[    1.154781] kernel: pci 0000:00:18.0: Adding to iommu group 6
[    1.154788] kernel: pci 0000:00:18.1: Adding to iommu group 6
[    1.154794] kernel: pci 0000:00:18.2: Adding to iommu group 6
[    1.154800] kernel: pci 0000:00:18.3: Adding to iommu group 6
[    1.154806] kernel: pci 0000:00:18.4: Adding to iommu group 6
[    1.154812] kernel: pci 0000:00:18.5: Adding to iommu group 6
[    1.154818] kernel: pci 0000:00:18.6: Adding to iommu group 6
[    1.154825] kernel: pci 0000:00:18.7: Adding to iommu group 6
[    1.154833] kernel: pci 0000:01:00.0: Adding to iommu group 7
[    1.154841] kernel: pci 0000:02:00.0: Adding to iommu group 8
[    1.154849] kernel: pci 0000:03:00.0: Adding to iommu group 4
[    1.154852] kernel: pci 0000:03:00.1: Adding to iommu group 4
[    1.154857] kernel: pci 0000:03:00.2: Adding to iommu group 4
[    1.154862] kernel: pci 0000:03:00.3: Adding to iommu group 4
[    1.154866] kernel: pci 0000:03:00.4: Adding to iommu group 4
[    1.154870] kernel: pci 0000:03:00.5: Adding to iommu group 4
[    1.154874] kernel: pci 0000:03:00.6: Adding to iommu group 4
[    1.155957] kernel: pci 0000:00:00.2: AMD-Vi: Found IOMMU cap 0x40
[    1.155966] kernel: AMD-Vi: Extended features (0x206d73ef22254ade): PPR X2APIC NX GT IA GA PC GA_vAPIC
[    1.155973] kernel: AMD-Vi: Interrupt remapping enabled
[    1.155974] kernel: AMD-Vi: Virtual APIC enabled
[    1.155975] kernel: AMD-Vi: X2APIC enabled
[    1.156346] kernel: PCI-DMA: Using software bounce buffering for IO (SWIOTLB)
[    1.156350] kernel: software IO TLB: mapped [mem 0x00000000bad2d000-0x00000000bed2d000] (64MB)
[    1.156403] kernel: LVT offset 0 assigned for vector 0x400
[    1.165757] kernel: perf: AMD IBS detected (0x000003ff)
[    1.165784] kernel: perf/amd_iommu: Detected AMD IOMMU #0 (2 banks, 4 counters/bank).
[    1.166702] kernel: Initialise system trusted keyrings
[    1.166723] kernel: Key type blacklist registered
[    1.166816] kernel: workingset: timestamp_bits=36 max_order=22 bucket_order=0
[    1.167733] kernel: zbud: loaded
[    1.167933] kernel: squashfs: version 4.0 (2009/01/31) Phillip Lougher
[    1.168514] kernel: fuse: init (API version 7.34)
[    1.168812] kernel: integrity: Platform Keyring initialized
[    1.171511] kernel: Key type asymmetric registered
[    1.171514] kernel: Asymmetric key parser 'x509' registered
[    1.171541] kernel: Block layer SCSI generic (bsg) driver version 0.4 loaded (major 243)
[    1.171642] kernel: io scheduler mq-deadline registered
[    1.174526] kernel: shpchp: Standard Hot Plug PCI Controller Driver version: 0.4
[    1.235657] kernel: ACPI: AC: AC Adapter [ACAD] (on-line)
[    1.235735] kernel: input: Power Button as /devices/LNXSYSTM:00/LNXSYBUS:00/PNP0C0C:00/input/input0
[    1.235754] kernel: ACPI: button: Power Button [PWRB]
[    1.235788] kernel: input: Lid Switch as /devices/LNXSYSTM:00/LNXSYBUS:00/PNP0C0D:00/input/input1
[    1.235799] kernel: ACPI: button: Lid Switch [LID]
[    1.237196] kernel: Monitor-Mwait will be used to enter C-1 state
[    1.237232] kernel: ACPI: \_SB_.PLTF.P000: Found 3 idle states
[    1.237249] kernel: ACPI: FW issue: working around C-state latencies out of order
[    1.237520] kernel: ACPI: \_SB_.PLTF.P001: Found 3 idle states
[    1.237533] kernel: ACPI: FW issue: working around C-state latencies out of order
[    1.237805] kernel: ACPI: \_SB_.PLTF.P002: Found 3 idle states
[    1.237814] kernel: ACPI: FW issue: working around C-state latencies out of order
[    1.238065] kernel: ACPI: \_SB_.PLTF.P003: Found 3 idle states
[    1.238073] kernel: ACPI: FW issue: working around C-state latencies out of order
[    1.238204] kernel: ACPI: \_SB_.PLTF.P004: Found 3 idle states
[    1.238210] kernel: ACPI: FW issue: working around C-state latencies out of order
[    1.238293] kernel: ACPI: \_SB_.PLTF.P005: Found 3 idle states
[    1.238299] kernel: ACPI: FW issue: working around C-state latencies out of order
[    1.238440] kernel: ACPI: \_SB_.PLTF.P006: Found 3 idle states
[    1.238446] kernel: ACPI: FW issue: working around C-state latencies out of order
[    1.238571] kernel: ACPI: \_SB_.PLTF.P007: Found 3 idle states
[    1.238577] kernel: ACPI: FW issue: working around C-state latencies out of order
[    1.249833] kernel: ACPI Error: AE_NOT_FOUND, While resolving a named reference package element - \_PR_.P000 (20210730/dspkginit-438)
[    1.249844] kernel: ACPI Error: AE_NOT_FOUND, While resolving a named reference package element - \_PR_.P001 (20210730/dspkginit-438)
[    1.249849] kernel: ACPI Error: AE_NOT_FOUND, While resolving a named reference package element - \_PR_.P002 (20210730/dspkginit-438)
[    1.249852] kernel: ACPI Error: AE_NOT_FOUND, While resolving a named reference package element - \_PR_.P003 (20210730/dspkginit-438)
[    1.249856] kernel: ACPI Error: AE_NOT_FOUND, While resolving a named reference package element - \_PR_.P004 (20210730/dspkginit-438)
[    1.249860] kernel: ACPI Error: AE_NOT_FOUND, While resolving a named reference package element - \_PR_.P005 (20210730/dspkginit-438)
[    1.249863] kernel: ACPI Error: AE_NOT_FOUND, While resolving a named reference package element - \_PR_.P006 (20210730/dspkginit-438)
[    1.249867] kernel: ACPI Error: AE_NOT_FOUND, While resolving a named reference package element - \_PR_.P007 (20210730/dspkginit-438)
[    1.249875] kernel: ACPI: \_TZ_.THRM: Invalid passive threshold
[    1.259791] kernel: thermal LNXTHERM:00: registered as thermal_zone0
[    1.259801] kernel: ACPI: thermal: Thermal Zone [THRM] (70 C)
[    1.260107] kernel: Serial: 8250/16550 driver, 32 ports, IRQ sharing enabled
[    1.261313] kernel: Linux agpgart interface v0.103
[    1.281305] kernel: Freeing initrd memory: 76564K
[    1.331779] kernel: loop: module loaded
[    1.331979] kernel: tun: Universal TUN/TAP device driver, 1.6
[    1.331998] kernel: PPP generic driver version 2.4.2
[    1.332054] kernel: VFIO - User Level meta-driver version: 0.3
[    1.332158] kernel: ehci_hcd: USB 2.0 'Enhanced' Host Controller (EHCI) Driver
[    1.332164] kernel: ehci-pci: EHCI PCI platform driver
[    1.332171] kernel: ehci-platform: EHCI generic platform driver
[    1.332176] kernel: ohci_hcd: USB 1.1 'Open' Host Controller (OHCI) Driver
[    1.332179] kernel: ohci-pci: OHCI PCI platform driver
[    1.332184] kernel: ohci-platform: OHCI generic platform driver
[    1.332189] kernel: uhci_hcd: USB Universal Host Controller Interface driver
[    1.332223] kernel: i8042: PNP: PS/2 Controller [PNP0303:PS2K] at 0x60,0x64 irq 1
[    1.332225] kernel: i8042: PNP: PS/2 appears to have AUX port disabled, if this is incorrect please boot with i8042.nopnp
[    1.347324] kernel: serio: i8042 KBD port at 0x60,0x64 irq 1
[    1.347393] kernel: mousedev: PS/2 mouse device common for all mice
[    1.349090] kernel: rtc_cmos 00:01: RTC can wake from S4
[    1.349398] kernel: rtc_cmos 00:01: registered as rtc0
[    1.349437] kernel: rtc_cmos 00:01: setting system clock to 2023-05-29T11:52:09 UTC (1685361129)
[    1.349476] kernel: rtc_cmos 00:01: alarms up to one month, y3k, 114 bytes nvram, hpet irqs
[    1.349490] kernel: i2c_dev: i2c /dev entries driver
[    1.349599] kernel: device-mapper: core: CONFIG_IMA_DISABLE_HTABLE is disabled. Duplicate IMA measurements will not be recorded in the IMA log.
[    1.349636] kernel: device-mapper: uevent: version 1.0.3
[    1.349714] kernel: device-mapper: ioctl: 4.45.0-ioctl (2021-03-22) initialised: dm-devel@redhat.com
[    1.349740] kernel: platform eisa.0: Probing EISA bus 0
[    1.349745] kernel: platform eisa.0: EISA: Cannot allocate resource for mainboard
[    1.349750] kernel: platform eisa.0: Cannot allocate resource for EISA slot 1
[    1.349754] kernel: platform eisa.0: Cannot allocate resource for EISA slot 2
[    1.349758] kernel: platform eisa.0: Cannot allocate resource for EISA slot 3
[    1.349762] kernel: platform eisa.0: Cannot allocate resource for EISA slot 4
[    1.349766] kernel: platform eisa.0: Cannot allocate resource for EISA slot 5
[    1.349770] kernel: platform eisa.0: Cannot allocate resource for EISA slot 6
[    1.349774] kernel: platform eisa.0: Cannot allocate resource for EISA slot 7
[    1.349778] kernel: platform eisa.0: Cannot allocate resource for EISA slot 8
[    1.349781] kernel: platform eisa.0: EISA: Detected 0 cards
[    1.352552] kernel: ledtrig-cpu: registered to indicate activity on CPUs
[    1.352579] kernel: efifb: probing for efifb
[    1.352641] kernel: efifb: framebuffer at 0xd0000000, using 8100k, total 8100k
[    1.352646] kernel: efifb: mode is 1920x1080x32, linelength=7680, pages=1
[    1.352651] kernel: efifb: scrolling: redraw
[    1.352653] kernel: efifb: Truecolor: size=8:8:8:8, shift=24:16:8:0
[    1.352759] kernel: Console: switching to colour frame buffer device 240x67
[    1.356064] kernel: fb0: EFI VGA frame buffer device
[    1.356078] kernel: EFI Variables Facility v0.08 2004-May-17
[    1.359125] kernel: drop_monitor: Initializing network drop monitor service
[    1.359241] kernel: NET: Registered PF_INET6 protocol family
[    1.362858] kernel: Segment Routing with IPv6
[    1.362898] kernel: In-situ OAM (IOAM) with IPv6
[    1.362954] kernel: NET: Registered PF_PACKET protocol family
[    1.363069] kernel: Key type dns_resolver registered
[    1.363787] kernel: microcode: CPU0: patch_level=0x08600106
[    1.363815] kernel: microcode: CPU1: patch_level=0x08600106
[    1.363864] kernel: microcode: CPU2: patch_level=0x08600106
[    1.363899] kernel: microcode: CPU3: patch_level=0x08600106
[    1.363917] kernel: microcode: CPU4: patch_level=0x08600106
[    1.363950] kernel: microcode: CPU5: patch_level=0x08600106
[    1.363999] kernel: microcode: CPU6: patch_level=0x08600106
[    1.364048] kernel: microcode: CPU7: patch_level=0x08600106
[    1.364105] kernel: microcode: Microcode Update Driver: v2.2.
[    1.364294] kernel: resctrl: L3 allocation detected
[    1.364347] kernel: resctrl: MB allocation detected
[    1.364371] kernel: resctrl: L3 monitoring detected
[    1.364399] kernel: IPI shorthand broadcast: enabled
[    1.364442] kernel: sched_clock: Marking stable (1363756758, 526075)->(1368321394, -4038561)
[    1.364761] kernel: registered taskstats version 1
[    1.364869] kernel: Loading compiled-in X.509 certificates
[    1.365353] kernel: Loaded X.509 cert 'Build time autogenerated kernel key: fd7736b231c1d5d56c532648376cf774ee30265f'
[    1.365740] kernel: Loaded X.509 cert 'Canonical Ltd. Live Patch Signing: 14df34d1a87cf37625abec039ef2bf521249b969'
[    1.366123] kernel: Loaded X.509 cert 'Canonical Ltd. Kernel Module Signing: 88f752e560a1e0737e31163a466ad7b70a850c19'
[    1.366148] kernel: blacklist: Loading compiled-in revocation X.509 certificates
[    1.366176] kernel: Loaded X.509 cert 'Canonical Ltd. Secure Boot Signing: 61482aa2830d0ab2ad5af10b7250da9033ddcef0'
[    1.366209] kernel: Loaded X.509 cert 'Canonical Ltd. Secure Boot Signing (2017): 242ade75ac4a15e50d50c84b0d45ff3eae707a03'
[    1.366243] kernel: Loaded X.509 cert 'Canonical Ltd. Secure Boot Signing (ESM 2018): 365188c1d374d6b07c3c8f240f8ef722433d6a8b'
[    1.366280] kernel: Loaded X.509 cert 'Canonical Ltd. Secure Boot Signing (2019): c0746fd6c5da3ae827864651ad66ae47fe24b3e8'
[    1.366316] kernel: Loaded X.509 cert 'Canonical Ltd. Secure Boot Signing (2021 v1): a8d54bbb3825cfb94fa13c9f8a594a195c107b8d'
[    1.366350] kernel: Loaded X.509 cert 'Canonical Ltd. Secure Boot Signing (2021 v2): 4cf046892d6fd3c9a5b03f98d845f90851dc6a8c'
[    1.366385] kernel: Loaded X.509 cert 'Canonical Ltd. Secure Boot Signing (2021 v3): 100437bb6de6e469b581e61cd66bce3ef4ed53af'
[    1.366419] kernel: Loaded X.509 cert 'Canonical Ltd. Secure Boot Signing (Ubuntu Core 2019): c1d57b8f6b743f23ee41f4f7ee292f06eecadfb9'
[    1.366818] kernel: zswap: loaded using pool lzo/zbud
[    1.367107] kernel: Key type .fscrypt registered
[    1.367120] kernel: Key type fscrypt-provisioning registered
[    1.367274] kernel: Key type trusted registered
[    1.369034] kernel: Key type encrypted registered
[    1.369046] kernel: AppArmor: AppArmor sha1 policy hashing enabled
[    1.370291] kernel: integrity: Loading X.509 certificate: UEFI:db
[    1.370944] kernel: integrity: Loaded X.509 cert 'HP Inc.: HP UEFI Secure Boot DB 2017: d9c01b50cfcae89d3b05345c163aa76e5dd589e7'
[    1.371595] kernel: integrity: Loading X.509 certificate: UEFI:db
[    1.372238] kernel: integrity: Loaded X.509 cert 'Microsoft Windows Production PCA 2011: a92902398e16c49778cd90f99e4f9ae17c55af53'
[    1.372888] kernel: integrity: Loading X.509 certificate: UEFI:db
[    1.373546] kernel: integrity: Loaded X.509 cert 'Microsoft Corporation UEFI CA 2011: 13adbf4309bd82709c8cd54f316ed522988a1bd4'
[    1.374685] kernel: integrity: Loading X.509 certificate: UEFI:MokListRT (MOKvar table)
[    1.375640] kernel: integrity: Loaded X.509 cert 'Canonical Ltd. Master Certificate Authority: ad91990bc22ab1f517048c23b6655a268e345a63'
[    1.376323] kernel: Loading compiled-in module X.509 certificates
[    1.377342] kernel: Loaded X.509 cert 'Build time autogenerated kernel key: fd7736b231c1d5d56c532648376cf774ee30265f'
[    1.378053] kernel: ima: Allocated hash algorithm: sha1
[    1.444826] kernel: ACPI: battery: Slot [BAT0] (battery present)
[    1.455805] kernel: input: AT Translated Set 2 keyboard as /devices/platform/i8042/serio0/input/input2
[    1.501045] kernel: ima: No architecture policies found
[    1.502783] kernel: evm: Initialising EVM extended attributes:
[    1.503571] kernel: evm: security.selinux
[    1.504358] kernel: evm: security.SMACK64
[    1.505141] kernel: evm: security.SMACK64EXEC
[    1.505913] kernel: evm: security.SMACK64TRANSMUTE
[    1.506682] kernel: evm: security.SMACK64MMAP
[    1.507438] kernel: evm: security.apparmor
[    1.508168] kernel: evm: security.ima
[    1.508892] kernel: evm: security.capability
[    1.509614] kernel: evm: HMAC attrs: 0x1
[    1.510544] kernel: PM:   Magic number: 7:678:884
[    1.511901] kernel: acpi_cpufreq: overriding BIOS provided _PSD data
[    1.512945] kernel: RAS: Correctable Errors collector initialized.
[    1.515489] kernel: Freeing unused decrypted memory: 2036K
[    1.516640] kernel: Freeing unused kernel image (initmem) memory: 3244K
[    1.533162] kernel: Write protecting the kernel read-only data: 30720k
[    1.535568] kernel: Freeing unused kernel image (text/rodata gap) memory: 2036K
[    1.536604] kernel: Freeing unused kernel image (rodata/data gap) memory: 1476K
[    1.569923] kernel: x86/mm: Checked W+X mappings: passed, no W+X pages found.
[    1.570664] kernel: Run /init as init process
[    1.571402] kernel:   with arguments:
[    1.571403] kernel:     /init
[    1.571404] kernel:   with environment:
[    1.571405] kernel:     HOME=/
[    1.571405] kernel:     TERM=linux
[    1.571406] kernel:     BOOT_IMAGE=/boot/vmlinuz-5.15.0-72-generic
[    1.813941] kernel: piix4_smbus 0000:00:14.0: SMBus Host Controller at 0xb00, revision 0
[    1.813970] kernel: hid: raw HID events driver (C) Jiri Kosina
[    1.815621] kernel: piix4_smbus 0000:00:14.0: Using register 0x02 for SMBus port selection
[    1.817638] kernel: ACPI: video: Video Device [VGA] (multi-head: yes  rom: no  post: no)
[    1.819064] kernel: piix4_smbus 0000:00:14.0: Auxiliary SMBus Host Controller at 0xb20
[    1.820051] kernel: nvme 0000:02:00.0: platform quirk: setting simple suspend
[    1.820339] kernel: xhci_hcd 0000:03:00.3: xHCI Host Controller
[    1.820951] kernel: nvme nvme0: pci function 0000:02:00.0
[    1.822228] kernel: xhci_hcd 0000:03:00.3: new USB bus registered, assigned bus number 1
[    1.822567] kernel: input: Video Bus as /devices/LNXSYSTM:00/LNXSYBUS:00/PNP0A08:00/device:0b/LNXVIDEO:00/input/input3
[    1.825360] kernel: xhci_hcd 0000:03:00.3: hcc params 0x0268ffe5 hci version 0x110 quirks 0x0000020000000410
[    1.834918] kernel: xhci_hcd 0000:03:00.3: xHCI Host Controller
[    1.835861] kernel: xhci_hcd 0000:03:00.3: new USB bus registered, assigned bus number 2
[    1.836745] kernel: xhci_hcd 0000:03:00.3: Host supports USB 3.1 Enhanced SuperSpeed
[    1.837627] kernel: usb usb1: New USB device found, idVendor=1d6b, idProduct=0002, bcdDevice= 5.15
[    1.838478] kernel: usb usb1: New USB device strings: Mfr=3, Product=2, SerialNumber=1
[    1.839319] kernel: usb usb1: Product: xHCI Host Controller
[    1.840143] kernel: usb usb1: Manufacturer: Linux 5.15.0-72-generic xhci-hcd
[    1.840998] kernel: usb usb1: SerialNumber: 0000:03:00.3
[    1.841869] kernel: nvme nvme0: Shutdown timeout set to 8 seconds
[    1.841945] kernel: hub 1-0:1.0: USB hub found
[    1.844505] kernel: hub 1-0:1.0: 4 ports detected
[    1.845749] kernel: usb usb2: We don't know the algorithms for LPM for this host, disabling LPM.
[    1.846585] kernel: usb usb2: New USB device found, idVendor=1d6b, idProduct=0003, bcdDevice= 5.15
[    1.847412] kernel: usb usb2: New USB device strings: Mfr=3, Product=2, SerialNumber=1
[    1.848223] kernel: usb usb2: Product: xHCI Host Controller
[    1.849035] kernel: usb usb2: Manufacturer: Linux 5.15.0-72-generic xhci-hcd
[    1.849851] kernel: usb usb2: SerialNumber: 0000:03:00.3
[    1.850746] kernel: hub 2-0:1.0: USB hub found
[    1.851563] kernel: hub 2-0:1.0: 2 ports detected
[    1.852663] kernel: xhci_hcd 0000:03:00.4: xHCI Host Controller
[    1.853496] kernel: xhci_hcd 0000:03:00.4: new USB bus registered, assigned bus number 3
[    1.854388] kernel: xhci_hcd 0000:03:00.4: hcc params 0x0268ffe5 hci version 0x110 quirks 0x0000020000000410
[    1.855452] kernel: xhci_hcd 0000:03:00.4: xHCI Host Controller
[    1.856249] kernel: xhci_hcd 0000:03:00.4: new USB bus registered, assigned bus number 4
[    1.857065] kernel: xhci_hcd 0000:03:00.4: Host supports USB 3.1 Enhanced SuperSpeed
[    1.857868] kernel: usb usb3: New USB device found, idVendor=1d6b, idProduct=0002, bcdDevice= 5.15
[    1.858656] kernel: usb usb3: New USB device strings: Mfr=3, Product=2, SerialNumber=1
[    1.859432] kernel: usb usb3: Product: xHCI Host Controller
[    1.860190] kernel: usb usb3: Manufacturer: Linux 5.15.0-72-generic xhci-hcd
[    1.860946] kernel: usb usb3: SerialNumber: 0000:03:00.4
[    1.861866] kernel: hub 3-0:1.0: USB hub found
[    1.862606] kernel: hub 3-0:1.0: 4 ports detected
[    1.863869] kernel: usb usb4: We don't know the algorithms for LPM for this host, disabling LPM.
[    1.864640] kernel: usb usb4: New USB device found, idVendor=1d6b, idProduct=0003, bcdDevice= 5.15
[    1.865385] kernel: usb usb4: New USB device strings: Mfr=3, Product=2, SerialNumber=1
[    1.866120] kernel: usb usb4: Product: xHCI Host Controller
[    1.866861] kernel: usb usb4: Manufacturer: Linux 5.15.0-72-generic xhci-hcd
[    1.867192] kernel: nvme nvme0: allocated 64 MiB host memory buffer.
[    1.867614] kernel: usb usb4: SerialNumber: 0000:03:00.4
[    1.869542] kernel: hub 4-0:1.0: USB hub found
[    1.870307] kernel: hub 4-0:1.0: 2 ports detected
[    1.940457] kernel: nvme nvme0: 12/0/0 default/read/poll queues
[    1.959501] kernel:  nvme0n1: p1 p2 p3 p4 p5
[    1.993174] kernel: input: SYNA32AC:00 06CB:CD50 Mouse as /devices/platform/AMDI0010:03/i2c-1/i2c-SYNA32AC:00/0018:06CB:CD50.0001/input/input4
[    1.995634] kernel: input: SYNA32AC:00 06CB:CD50 Touchpad as /devices/platform/AMDI0010:03/i2c-1/i2c-SYNA32AC:00/0018:06CB:CD50.0001/input/input5
[    1.997545] kernel: hid-generic 0018:06CB:CD50.0001: input,hidraw0: I2C HID v1.00 Mouse [SYNA32AC:00 06CB:CD50] on i2c-SYNA32AC:00
[    2.110022] kernel: EXT4-fs (nvme0n1p5): mounted filesystem with ordered data mode. Opts: (null). Quota mode: none.
[    2.184958] kernel: tsc: Refined TSC clocksource calibration: 1999.623 MHz
[    2.185215] kernel: usb 1-3: new high-speed USB device number 2 using xhci_hcd
[    2.185836] kernel: clocksource: tsc: mask: 0xffffffffffffffff max_cycles: 0x39a594239be, max_idle_ns: 881590595702 ns
[    2.189832] kernel: clocksource: Switched to clocksource tsc
[    2.196950] kernel: usb 3-2: new full-speed USB device number 2 using xhci_hcd
[    2.211581] systemd[1]: RTC configured in localtime, applying delta of 120 minutes to system time.
[    2.224963] systemd[1]: Inserted module 'autofs4'
[    2.243647] systemd[1]: systemd 245.4-4ubuntu3.21 running in system mode. (+PAM +AUDIT +SELINUX +IMA +APPARMOR +SMACK +SYSVINIT +UTMP +LIBCRYPTSETUP +GCRYPT +GNUTLS +ACL +XZ +LZ4 +SECCOMP +BLKID +ELFUTILS +KMOD +IDN2 -IDN +PCRE2 default-hierarchy=hybrid)
[    2.265289] systemd[1]: Detected architecture x86-64.
[    2.337843] kernel: usb 1-3: New USB device found, idVendor=30c9, idProduct=0035, bcdDevice= 0.03
[    2.340592] kernel: usb 1-3: New USB device strings: Mfr=3, Product=1, SerialNumber=2
[    2.343320] kernel: usb 1-3: Product: HP TrueVision HD Camera
[    2.343323] kernel: usb 1-3: Manufacturer: DLEQNA1BIF67LL
[    2.343326] kernel: usb 1-3: SerialNumber: 0001
[    2.349796] systemd[1]: Set hostname to <ninluc-HP-Laptop-14s-fq0xxx>.
[    2.365303] systemd-rc-local-generator[346]: /etc/rc.local is not marked executable, skipping.
[    2.372571] kernel: usb 3-2: New USB device found, idVendor=1532, idProduct=0062, bcdDevice= 2.00
[    2.373523] kernel: usb 3-2: New USB device strings: Mfr=1, Product=2, SerialNumber=0
[    2.374439] kernel: usb 3-2: Product: Razer Atheris - Mobile Gaming Mouse
[    2.375356] kernel: usb 3-2: Manufacturer: Razer
[    2.466809] kernel: usb 2-1: new SuperSpeed USB device number 2 using xhci_hcd
[    2.490262] systemd[1]: Created slice Virtual Machine and Container Slice.
[    2.492535] systemd[1]: Created slice system-modprobe.slice.
[    2.494667] systemd[1]: Created slice system-postfix.slice.
[    2.496810] systemd[1]: Created slice system-systemd\x2dfsck.slice.
[    2.498939] systemd[1]: Created slice User and Session Slice.
[    2.500974] systemd[1]: Started Forward Password Requests to Wall Directory Watch.
[    2.503103] systemd[1]: Set up automount Arbitrary Executable File Formats File System Automount Point.
[    2.505195] systemd[1]: Reached target User and Group Name Lookups.
[    2.507272] systemd[1]: Reached target Remote File Systems.
[    2.509350] systemd[1]: Reached target Slices.
[    2.511423] systemd[1]: Reached target Mounting snaps.
[    2.513511] systemd[1]: Reached target Libvirt guests shutdown.
[    2.515640] systemd[1]: Listening on Device-mapper event daemon FIFOs.
[    2.517804] systemd[1]: Listening on LVM2 poll daemon socket.
[    2.519892] systemd[1]: Listening on Syslog Socket.
[    2.521956] systemd[1]: Listening on fsck to fsckd communication Socket.
[    2.524005] systemd[1]: Listening on initctl Compatibility Named Pipe.
[    2.526134] systemd[1]: Listening on Journal Audit Socket.
[    2.528195] systemd[1]: Listening on Journal Socket (/dev/log).
[    2.530272] systemd[1]: Listening on Journal Socket.
[    2.532322] systemd[1]: Listening on udev Control Socket.
[    2.534384] systemd[1]: Listening on udev Kernel Socket.
[    2.536928] systemd[1]: Mounting Huge Pages File System...
[    2.539465] systemd[1]: Mounting POSIX Message Queue File System...
[    2.542082] systemd[1]: Mounting Kernel Debug File System...
[    2.544489] systemd[1]: Mounting Kernel Trace File System...
[    2.547738] systemd[1]: Starting Journal Service...
[    2.550151] systemd[1]: Starting Availability of block devices...
[    2.552626] systemd[1]: Starting Set the console keyboard layout...
[    2.555182] systemd[1]: Starting Create list of static device nodes for the current kernel...
[    2.557751] systemd[1]: Starting Monitoring of LVM2 mirrors, snapshots etc. using dmeventd or progress polling...
[    2.560377] systemd[1]: Starting Load Kernel Module chromeos_pstore...
[    2.563049] systemd[1]: Starting Load Kernel Module drm...
[    2.565665] systemd[1]: Starting Load Kernel Module efi_pstore...
[    2.568279] systemd[1]: Starting Load Kernel Module pstore_blk...
[    2.570949] systemd[1]: Starting Load Kernel Module pstore_zone...
[    2.571407] kernel: pstore: Using crash dump compression: deflate
[    2.573454] kernel: pstore: Registered efi as persistent store backend
[    2.577184] systemd[1]: Starting Load Kernel Module ramoops...
[    2.579508] systemd[1]: Condition check resulted in Set Up Additional Binary Formats being skipped.
[    2.580474] systemd[1]: Condition check resulted in File System Check on Root Device being skipped.
[    2.582304] systemd[1]: Starting Load Kernel Modules...
[    2.584961] systemd[1]: Starting Remount Root and Kernel File Systems...
[    2.587484] systemd[1]: Starting udev Coldplug all Devices...
[    2.590241] systemd[1]: Starting Uncomplicated firewall...
[    2.591700] kernel: lp: driver loaded but no devices found
[    2.593871] kernel: EXT4-fs (nvme0n1p5): re-mounted. Opts: errors=remount-ro. Quota mode: none.
[    2.594337] systemd[1]: Mounted Huge Pages File System.
[    2.598370] systemd[1]: Mounted POSIX Message Queue File System.
[    2.600439] systemd[1]: Mounted Kernel Debug File System.
[    2.602456] systemd[1]: Mounted Kernel Trace File System.
[    2.604667] systemd[1]: Finished Availability of block devices.
[    2.606901] systemd[1]: Finished Set the console keyboard layout.
[    2.608902] systemd[1]: Started Journal Service.
[    2.619162] kernel: ppdev: user-space parallel port driver
[    2.628454] kernel: Adding 2097148k swap on /swapfile.  Priority:-2 extents:6 across:2260988k SSFS
[    2.631664] kernel: ndiswrapper: loading out-of-tree module taints kernel.
[    2.633070] kernel: ndiswrapper: module verification failed: signature and/or required key missing - tainting kernel
[    2.634024] kernel: Disabling lock debugging due to kernel taint
[    2.634903] kernel: ndiswrapper: module license taints kernel.
[    2.636154] kernel: ndiswrapper version 1.63 loaded (smp=yes, preempt=no)
[    2.666859] kernel: loop0: detected capacity change from 0 to 8
[    2.672948] kernel: usb 1-4: new full-speed USB device number 3 using xhci_hcd
[    2.709093] kernel: loop1: detected capacity change from 0 to 59720
[    2.709154] kernel: loop2: detected capacity change from 0 to 19592
[    2.709201] kernel: loop3: detected capacity change from 0 to 19584
[    2.729224] kernel: loop4: detected capacity change from 0 to 239176
[    2.729321] kernel: loop5: detected capacity change from 0 to 168744
[    2.744570] kernel: usb 2-1: New USB device found, idVendor=0b95, idProduct=1790, bcdDevice= 2.00
[    2.745242] kernel: usb 2-1: New USB device strings: Mfr=1, Product=2, SerialNumber=3
[    2.745244] kernel: usb 2-1: Product: AX88179A
[    2.745245] kernel: usb 2-1: Manufacturer: ASIX
[    2.745246] kernel: usb 2-1: SerialNumber: 00BBB9EA
[    2.753067] kernel: loop6: detected capacity change from 0 to 149720
[    2.765078] kernel: loop7: detected capacity change from 0 to 168384
[    2.774343] kernel: loop8: detected capacity change from 0 to 307328
[    2.774475] kernel: loop9: detected capacity change from 0 to 307680
[    2.776575] kernel: loop10: detected capacity change from 0 to 239128
[    2.776653] kernel: loop11: detected capacity change from 0 to 113944
[    2.776777] kernel: loop12: detected capacity change from 0 to 129712
[    2.805923] kernel: loop21: detected capacity change from 0 to 113896
[    2.805991] kernel: loop15: detected capacity change from 0 to 1191992
[    2.806247] kernel: loop20: detected capacity change from 0 to 129952
[    2.806575] kernel: loop14: detected capacity change from 0 to 149488
[    2.809118] kernel: loop16: detected capacity change from 0 to 630424
[    2.811394] kernel: loop22: detected capacity change from 0 to 166424
[    2.812198] kernel: loop19: detected capacity change from 0 to 4056
[    2.813296] kernel: loop25: detected capacity change from 0 to 895696
[    2.814009] kernel: loop13: detected capacity change from 0 to 112848
[    2.814159] kernel: loop24: detected capacity change from 0 to 31888
[    2.814984] kernel: loop17: detected capacity change from 0 to 644256
[    2.816014] kernel: loop18: detected capacity change from 0 to 112704
[    2.816996] kernel: loop26: detected capacity change from 0 to 711096
[    2.818235] kernel: loop28: detected capacity change from 0 to 11984
[    2.818235] kernel: loop23: detected capacity change from 0 to 187776
[    2.820003] kernel: loop32: detected capacity change from 0 to 943224
[    2.820004] kernel: loop27: detected capacity change from 0 to 555880
[    2.820096] kernel: loop31: detected capacity change from 0 to 1195920
[    2.820101] kernel: loop29: detected capacity change from 0 to 716160
[    2.820282] kernel: loop35: detected capacity change from 0 to 336016
[    2.820393] kernel: loop34: detected capacity change from 0 to 447264
[    2.821200] kernel: loop30: detected capacity change from 0 to 11984
[    2.824378] kernel: loop33: detected capacity change from 0 to 31488
[    2.824722] kernel: loop38: detected capacity change from 0 to 447264
[    2.824931] kernel: loop36: detected capacity change from 0 to 337560
[    2.827400] kernel: loop37: detected capacity change from 0 to 943224
[    2.828169] kernel: loop40: detected capacity change from 0 to 109032
[    2.828201] kernel: loop42: detected capacity change from 0 to 918896
[    2.828664] kernel: loop41: detected capacity change from 0 to 620704
[    2.829112] kernel: loop39: detected capacity change from 0 to 919168
[    2.837774] kernel: loop43: detected capacity change from 0 to 711096
[    2.845753] kernel: loop44: detected capacity change from 0 to 25240
[    2.845754] kernel: loop45: detected capacity change from 0 to 336016
[    2.845920] kernel: loop46: detected capacity change from 0 to 337560
[    2.845949] kernel: loop47: detected capacity change from 0 to 716168
[    2.848496] kernel: usb 1-4: New USB device found, idVendor=0bda, idProduct=b00a, bcdDevice= 1.10
[    2.849024] kernel: usb 1-4: New USB device strings: Mfr=1, Product=2, SerialNumber=3
[    2.849542] kernel: usb 1-4: Product: Bluetooth Radio 
[    2.850026] kernel: usb 1-4: Manufacturer: Realtek 
[    2.850399] kernel: usb 1-4: SerialNumber: 00e04c000001
[    2.865666] kernel: loop50: detected capacity change from 0 to 919392
[    2.865667] kernel: loop48: detected capacity change from 0 to 918896
[    2.881260] kernel: loop49: detected capacity change from 0 to 406744
[    2.881478] kernel: loop51: detected capacity change from 0 to 5696
[    2.881621] kernel: loop52: detected capacity change from 0 to 109032
[    2.889373] kernel: loop54: detected capacity change from 0 to 15088
[    2.905361] kernel: loop53: detected capacity change from 0 to 94064
[    2.925643] kernel: usbcore: registered new interface driver ndiswrapper
[    2.977351] kernel: acpi-tad ACPI000E:00: Missing _PRW
[    3.141469] kernel: snd_rn_pci_acp3x 0000:03:00.5: enabling device (0000 -> 0002)
[    3.144929] kernel: clocksource: timekeeping watchdog on CPU5: Marking clocksource 'tsc' as unstable because the skew is too large:
[    3.144935] kernel: clocksource:                       'hpet' wd_nsec: 516870649 wd_now: 2990cc4 wd_last: 2281ffd mask: ffffffff
[    3.144937] kernel: clocksource:                       'tsc' cs_nsec: 515998713 cs_now: c74362d44 cs_last: c36b61d6c mask: ffffffffffffffff
[    3.144938] kernel: clocksource:                       'tsc' is current clocksource.
[    3.144940] kernel: tsc: Marking TSC unstable due to clocksource watchdog
[    3.144947] kernel: TSC found unstable after boot, most likely due to broken BIOS. Use 'tsc=unstable'.
[    3.144948] kernel: sched_clock: Marking unstable (3144427141, 526145)<-(3148985618, -4038561)
[    3.145032] kernel: clocksource: Checking clocksource tsc synchronization from CPU 1 to CPUs 0,2-4.
[    3.145257] kernel: clocksource: Switched to clocksource hpet
[    3.157889] kernel: cfg80211: Loading compiled-in X.509 certificates for regulatory database
[    3.158055] kernel: cfg80211: Loaded X.509 cert 'sforshee: 00b28ddf47aef9cea7'
[    3.165789] kernel: ccp 0000:03:00.2: enabling device (0000 -> 0002)
[    3.166017] kernel: ccp 0000:03:00.2: ccp: unable to access the device: you might be running a broken BIOS.
[    3.179901] kernel: ACPI BIOS Error (bug): Attempt to CreateField of length zero (20210730/dsopcode-133)
[    3.180456] kernel: 
[    3.180457] kernel: 
                       Initialized Local Variables for Method [HWMC]:
[    3.180458] kernel:   Local0: 00000000e2da2f22 <Obj>           Integer 0000000000000004
[    3.180464] kernel:   Local1: 000000004edc256d <Obj>           Buffer(12) 00 00 00 00 00 00 00 00
[    3.180473] kernel:   Local5: 00000000ae894b1d <Obj>           Integer 0000000000000000
[    3.180476] kernel: 
[    3.180477] kernel: Initialized Arguments for Method [HWMC]:  (2 arguments defined for method invocation)
[    3.180478] kernel:   Arg0:   000000000c08484b <Obj>           Integer 0000000000000002
[    3.180482] kernel:   Arg1:   00000000e0c5a7b5 <Obj>           Buffer(144) 53 45 43 55 01 00 00 00
[    3.180490] kernel: 
[    3.180491] kernel: ACPI Error: Aborting method \HWMC due to previous error (AE_AML_OPERAND_VALUE) (20210730/psparse-529)
[    3.181882] kernel: ACPI Error: Aborting method \_SB.WMID.WMAA due to previous error (AE_AML_OPERAND_VALUE) (20210730/psparse-529)
[    3.185657] kernel: ccp 0000:03:00.2: tee enabled
[    3.185662] kernel: ccp 0000:03:00.2: psp enabled
[    3.188647] kernel: input: HP WMI hotkeys as /devices/virtual/input/input7
[    3.202486] kernel: RAPL PMU: API unit is 2^-32 Joules, 1 fixed counters, 163840 ms ovfl timer
[    3.202489] kernel: RAPL PMU: hw unit of domain package 2^-16 Joules
[    3.207559] kernel: cryptd: max_cpu_qlen set to 1000
[    3.225664] kernel: rtl8821ce 0000:01:00.0: enabling device (0000 -> 0003)
[    3.253362] kernel: AVX2 version of gcm_enc/dec engaged.
[    3.253455] kernel: AES CTR mode by8 optimization enabled
[    3.261230] kernel: ACPI BIOS Error (bug): Attempt to CreateField of length zero (20210730/dsopcode-133)
[    3.261798] kernel: 
[    3.261800] kernel: 
                       Initialized Local Variables for Method [HWMC]:
[    3.261801] kernel:   Local0: 000000000ed2b3bc <Obj>           Integer 0000000000000004
[    3.261807] kernel:   Local1: 00000000d7c2aafa <Obj>           Buffer(12) 00 00 00 00 00 00 00 00
[    3.261815] kernel:   Local5: 00000000d4a86f6d <Obj>           Integer 0000000000000000
[    3.261818] kernel: 
[    3.261819] kernel: Initialized Arguments for Method [HWMC]:  (2 arguments defined for method invocation)
[    3.261820] kernel:   Arg0:   000000000e0e846d <Obj>           Integer 0000000000000002
[    3.261823] kernel:   Arg1:   00000000a1e4f7f4 <Obj>           Buffer(144) 53 45 43 55 01 00 00 00
[    3.261831] kernel: 
[    3.261832] kernel: ACPI Error: Aborting method \HWMC due to previous error (AE_AML_OPERAND_VALUE) (20210730/psparse-529)
[    3.262404] kernel: ACPI Error: Aborting method \_SB.WMID.WMAA due to previous error (AE_AML_OPERAND_VALUE) (20210730/psparse-529)
[    3.267438] kernel: mc: Linux media interface: v0.10
[    3.296177] kernel: videodev: Linux video capture interface: v2.00
[    3.301342] kernel: AMD-Vi: AMD IOMMUv2 loaded and initialized
[    3.354113] kernel: input: SYNA32AC:00 06CB:CD50 Mouse as /devices/platform/AMDI0010:03/i2c-1/i2c-SYNA32AC:00/0018:06CB:CD50.0001/input/input8
[    3.355313] kernel: input: SYNA32AC:00 06CB:CD50 Touchpad as /devices/platform/AMDI0010:03/i2c-1/i2c-SYNA32AC:00/0018:06CB:CD50.0001/input/input9
[    3.355429] kernel: hid-multitouch 0018:06CB:CD50.0001: input,hidraw0: I2C HID v1.00 Mouse [SYNA32AC:00 06CB:CD50] on i2c-SYNA32AC:00
[    3.355461] kernel: snd_hda_intel 0000:03:00.1: enabling device (0000 -> 0002)
[    3.355537] kernel: snd_hda_intel 0000:03:00.1: Handle vga_switcheroo audio client
[    3.355656] kernel: snd_hda_intel 0000:03:00.6: enabling device (0000 -> 0002)
[    3.358899] kernel: usb 1-3: Found UVC 1.10 device HP TrueVision HD Camera (30c9:0035)
[    3.361787] kernel: input: Razer Razer Atheris - Mobile Gaming Mouse as /devices/pci0000:00/0000:00:08.1/0000:03:00.4/usb3/3-2/3-2:1.0/0003:1532:0062.0002/input/input11
[    3.361938] kernel: hid-generic 0003:1532:0062.0002: input,hidraw1: USB HID v1.11 Mouse [Razer Razer Atheris - Mobile Gaming Mouse] on usb-0000:03:00.4-2/input0
[    3.368608] kernel: input: Razer Razer Atheris - Mobile Gaming Mouse Keyboard as /devices/pci0000:00/0000:00:08.1/0000:03:00.4/usb3/3-2/3-2:1.1/0003:1532:0062.0003/input/input13
[    3.368880] kernel: input: HP TrueVision HD Camera: HP Tru as /devices/pci0000:00/0000:00:08.1/0000:03:00.3/usb1/1-3/1-3:1.0/input/input15
[    3.368885] kernel: input: HD-Audio Generic HDMI/DP,pcm=3 as /devices/pci0000:00/0000:00:08.1/0000:03:00.1/sound/card0/input12
[    3.383871] kernel: snd_hda_codec_realtek hdaudioC1D0: autoconfig for ALC236: line_outs=1 (0x14/0x0/0x0/0x0/0x0) type:speaker
[    3.383877] kernel: snd_hda_codec_realtek hdaudioC1D0:    speaker_outs=0 (0x0/0x0/0x0/0x0/0x0)
[    3.383879] kernel: snd_hda_codec_realtek hdaudioC1D0:    hp_outs=1 (0x21/0x0/0x0/0x0/0x0)
[    3.383880] kernel: snd_hda_codec_realtek hdaudioC1D0:    mono: mono_out=0x0
[    3.383881] kernel: snd_hda_codec_realtek hdaudioC1D0:    inputs:
[    3.383882] kernel: snd_hda_codec_realtek hdaudioC1D0:      Mic=0x19
[    3.388510] kernel: kvm: Nested Virtualization enabled
[    3.388514] kernel: SVM: kvm: Nested Paging enabled
[    3.388525] kernel: SVM: Virtual VMLOAD VMSAVE supported
[    3.388525] kernel: SVM: Virtual GIF supported
[    3.422507] kernel: MCE: In-kernel MCE decoding enabled.
[    3.426828] kernel: [drm] amdgpu kernel modesetting enabled.
[    3.427483] kernel: input: Razer Razer Atheris - Mobile Gaming Mouse as /devices/pci0000:00/0000:00:08.1/0000:03:00.4/usb3/3-2/3-2:1.1/0003:1532:0062.0003/input/input14
[    3.427635] kernel: usbcore: registered new interface driver uvcvideo
[    3.430130] kernel: amdgpu: Virtual CRAT table created for CPU
[    3.430149] kernel: amdgpu: Topology: Add CPU node
[    3.430227] kernel: checking generic (d0000000 7e9000) vs hw (d0000000 10000000)
[    3.430351] kernel: amdgpu 0000:03:00.0: enabling device (0006 -> 0007)
[    3.430407] kernel: [drm] initializing kernel modesetting (RENOIR 0x1002:0x1636 0x103C:0x87D0 0xC2).
[    3.430414] kernel: amdgpu 0000:03:00.0: amdgpu: Trusted Memory Zone (TMZ) feature enabled
[    3.430634] kernel: hid-generic 0003:1532:0062.0003: input,hidraw2: USB HID v1.11 Keyboard [Razer Razer Atheris - Mobile Gaming Mouse] on usb-0000:03:00.4-2/input1
[    3.436486] kernel: input: Razer Razer Atheris - Mobile Gaming Mouse as /devices/pci0000:00/0000:00:08.1/0000:03:00.4/usb3/3-2/3-2:1.2/0003:1532:0062.0004/input/input16
[    3.444511] kernel: ax88179_178a 2-1:2.0 (unnamed net_device) (uninitialized): Failed to write reg index 0x0002: -32
[    3.456246] kernel: ax88179_178a 2-1:2.0 (unnamed net_device) (uninitialized): Failed to write reg index 0x0002: -32
[    3.477048] kernel: rtl8821ce 0000:01:00.0 wlo1: renamed from wlan0
[    3.487658] kernel: intel_rapl_common: Found RAPL domain package
[    3.487662] kernel: intel_rapl_common: Found RAPL domain core
[    3.490549] kernel: [drm] register mmio base: 0xFE400000
[    3.490554] kernel: [drm] register mmio size: 524288
[    3.490557] kernel: [drm] PCIE atomic ops is not supported
[    3.491684] kernel: [drm] add ip block number 0 <soc15_common>
[    3.491686] kernel: [drm] add ip block number 1 <gmc_v9_0>
[    3.491686] kernel: [drm] add ip block number 2 <vega10_ih>
[    3.491688] kernel: [drm] add ip block number 3 <psp>
[    3.491688] kernel: [drm] add ip block number 4 <smu>
[    3.491689] kernel: [drm] add ip block number 5 <gfx_v9_0>
[    3.491690] kernel: [drm] add ip block number 6 <sdma_v4_0>
[    3.491691] kernel: [drm] add ip block number 7 <dm>
[    3.491692] kernel: [drm] add ip block number 8 <vcn_v2_0>
[    3.491693] kernel: [drm] add ip block number 9 <jpeg_v2_0>
[    3.491722] kernel: amdgpu 0000:03:00.0: amdgpu: Fetched VBIOS from VFCT
[    3.491725] kernel: amdgpu: ATOM BIOS: 113-RENOIR-031
[    3.495584] kernel: hid-generic 0003:1532:0062.0004: input,hidraw3: USB HID v1.11 Keyboard [Razer Razer Atheris - Mobile Gaming Mouse] on usb-0000:03:00.4-2/input2
[    3.495618] kernel: usbcore: registered new interface driver usbhid
[    3.495619] kernel: usbhid: USB HID core driver
[    3.499786] kernel: [drm] VCN decode is enabled in VM mode
[    3.499790] kernel: [drm] VCN encode is enabled in VM mode
[    3.499791] kernel: [drm] JPEG decode is enabled in VM mode
[    3.500036] kernel: Console: switching to colour dummy device 80x25
[    3.500085] kernel: amdgpu 0000:03:00.0: vgaarb: deactivate vga console
[    3.500125] kernel: [drm] vm size is 262144 GB, 4 levels, block size is 9-bit, fragment size is 9-bit
[    3.500132] kernel: amdgpu 0000:03:00.0: amdgpu: VRAM: 512M 0x000000F400000000 - 0x000000F41FFFFFFF (512M used)
[    3.500134] kernel: amdgpu 0000:03:00.0: amdgpu: GART: 1024M 0x0000000000000000 - 0x000000003FFFFFFF
[    3.500136] kernel: amdgpu 0000:03:00.0: amdgpu: AGP: 267419648M 0x000000F800000000 - 0x0000FFFFFFFFFFFF
[    3.500142] kernel: [drm] Detected VRAM RAM=512M, BAR=512M
[    3.500143] kernel: [drm] RAM width 128bits DDR4
[    3.500187] kernel: [drm] amdgpu: 512M of VRAM memory ready
[    3.500188] kernel: [drm] amdgpu: 3072M of GTT memory ready.
[    3.500193] kernel: [drm] GART: num cpu pages 262144, num gpu pages 262144
[    3.500318] kernel: [drm] PCIE GART of 1024M enabled.
[    3.500319] kernel: [drm] PTB located at 0x000000F400900000
[    3.503454] kernel: amdgpu 0000:03:00.0: amdgpu: PSP runtime database doesn't exist
[    3.507167] kernel: [drm] Loading DMUB firmware via PSP: version=0x01010019
[    3.507858] kernel: [drm] Found VCN firmware Version ENC: 1.16 DEC: 5 VEP: 0 Revision: 3
[    3.507867] kernel: amdgpu 0000:03:00.0: amdgpu: Will use PSP to load VCN firmware
[    3.514471] kernel: Bluetooth: Core ver 2.22
[    3.514852] kernel: NET: Registered PF_BLUETOOTH protocol family
[    3.514854] kernel: Bluetooth: HCI device and connection manager initialized
[    3.515750] kernel: Bluetooth: HCI socket layer initialized
[    3.515754] kernel: Bluetooth: L2CAP socket layer initialized
[    3.515758] kernel: Bluetooth: SCO socket layer initialized
[    3.669425] kernel: ax88179_178a 2-1:2.0 (unnamed net_device) (uninitialized): Failed to write reg index 0x0001: -32
[    3.784862] kernel: ax88179_178a 2-1:2.0 (unnamed net_device) (uninitialized): Failed to read reg index 0x0006: -32
[    3.784871] kernel: ax88179_178a 2-1:2.0 (unnamed net_device) (uninitialized): invalid MAC address, using random
[    3.795218] kernel: ax88179_178a 2-1:2.0 (unnamed net_device) (uninitialized): Failed to write reg index 0x0006: -32
[    3.805576] kernel: ax88179_178a 2-1:2.0 (unnamed net_device) (uninitialized): Failed to write reg index 0x0005: -32
[    3.815933] kernel: ax88179_178a 2-1:2.0 (unnamed net_device) (uninitialized): Failed to write reg index 0x0001: -32
[    3.827721] kernel: ax88179_178a 2-1:2.0 (unnamed net_device) (uninitialized): Failed to write reg index 0x0001: -32
[    3.838614] kernel: ax88179_178a 2-1:2.0 (unnamed net_device) (uninitialized): Failed to write reg index 0x0001: -32
[    3.848782] kernel: ax88179_178a 2-1:2.0 (unnamed net_device) (uninitialized): Failed to write reg index 0x0001: -32
[    3.859109] kernel: ax88179_178a 2-1:2.0 (unnamed net_device) (uninitialized): Failed to write reg index 0x0002: -32
[    3.869449] kernel: ax88179_178a 2-1:2.0 (unnamed net_device) (uninitialized): Failed to write reg index 0x0001: -32
[    3.881299] kernel: ax88179_178a 2-1:2.0 (unnamed net_device) (uninitialized): Failed to write reg index 0x0002: -32
[    3.891754] kernel: ax88179_178a 2-1:2.0 (unnamed net_device) (uninitialized): Failed to read reg index 0x0001: -32
[    3.902211] kernel: ax88179_178a 2-1:2.0 (unnamed net_device) (uninitialized): Failed to write reg index 0x0001: -32
[    3.912788] kernel: ax88179_178a 2-1:2.0 (unnamed net_device) (uninitialized): Failed to write reg index 0x001f: -32
[    3.923085] kernel: ax88179_178a 2-1:2.0 (unnamed net_device) (uninitialized): Failed to write reg index 0x0019: -32
[    3.934815] kernel: ax88179_178a 2-1:2.0 (unnamed net_device) (uninitialized): Failed to write reg index 0x001f: -32
[    3.945312] kernel: ax88179_178a 2-1:2.0 (unnamed net_device) (uninitialized): Failed to write reg index 0x000d: -32
[    3.955899] kernel: ax88179_178a 2-1:2.0 (unnamed net_device) (uninitialized): Failed to write reg index 0x000e: -32
[    3.966189] kernel: ax88179_178a 2-1:2.0 (unnamed net_device) (uninitialized): Failed to write reg index 0x000d: -32
[    3.976824] kernel: ax88179_178a 2-1:2.0 (unnamed net_device) (uninitialized): Failed to read reg index 0x000e: -32
[    3.988506] kernel: ax88179_178a 2-1:2.0 (unnamed net_device) (uninitialized): Failed to write reg index 0x000d: -32
[    3.998639] kernel: ax88179_178a 2-1:2.0 (unnamed net_device) (uninitialized): Failed to write reg index 0x000e: -32
[    4.009296] kernel: ax88179_178a 2-1:2.0 (unnamed net_device) (uninitialized): Failed to write reg index 0x000d: -32
[    4.019525] kernel: ax88179_178a 2-1:2.0 (unnamed net_device) (uninitialized): Failed to write reg index 0x000e: -32
[    4.030184] kernel: ax88179_178a 2-1:2.0 (unnamed net_device) (uninitialized): Failed to read reg index 0x0000: -32
[    4.030397] kernel: ax88179_178a 2-1:2.0 eth0: register 'ax88179_178a' at usb-0000:03:00.3-1, ASIX AX88179 USB 3.0 Gigabit Ethernet, 16:d2:e7:da:a4:7d
[    4.107764] kernel: ax88179_178a 2-1:2.1 (unnamed net_device) (uninitialized): Failed to write reg index 0x0002: -32
[    4.118259] kernel: ax88179_178a 2-1:2.1 (unnamed net_device) (uninitialized): Failed to write reg index 0x0002: -32
[    4.193802] kernel: input: HD-Audio Generic Mic as /devices/pci0000:00/0000:00:08.1/0000:03:00.6/sound/card1/input17
[    4.193883] kernel: input: HD-Audio Generic Headphone as /devices/pci0000:00/0000:00:08.1/0000:03:00.6/sound/card1/input18
[    4.208339] kernel: usbcore: registered new interface driver btusb
[    4.210720] kernel: [drm] reserve 0x400000 from 0xf41f800000 for PSP TMR
[    4.212968] kernel: Bluetooth: hci0: RTL: examining hci_ver=08 hci_rev=000c lmp_ver=08 lmp_subver=8821
[    4.214028] kernel: Bluetooth: hci0: RTL: rom_version status=0 version=1
[    4.214033] kernel: Bluetooth: hci0: RTL: loading rtl_bt/rtl8821c_fw.bin
[    4.215101] kernel: Bluetooth: hci0: RTL: loading rtl_bt/rtl8821c_config.bin
[    4.215251] kernel: Bluetooth: hci0: RTL: cfg_sz 10, total sz 31990
[    4.293612] kernel: audit: type=1400 audit(1685353932.435:2): apparmor="STATUS" operation="profile_load" profile="unconfined" name="lsb_release" pid=897 comm="apparmor_parser"
[    4.293826] kernel: audit: type=1400 audit(1685353932.439:3): apparmor="STATUS" operation="profile_load" profile="unconfined" name="/usr/bin/man" pid=895 comm="apparmor_parser"
[    4.293828] kernel: audit: type=1400 audit(1685353932.439:4): apparmor="STATUS" operation="profile_load" profile="unconfined" name="man_filter" pid=895 comm="apparmor_parser"
[    4.293830] kernel: audit: type=1400 audit(1685353932.439:5): apparmor="STATUS" operation="profile_load" profile="unconfined" name="man_groff" pid=895 comm="apparmor_parser"
[    4.294134] kernel: audit: type=1400 audit(1685353932.439:6): apparmor="STATUS" operation="profile_load" profile="unconfined" name="libreoffice-xpdfimport" pid=899 comm="apparmor_parser"
[    4.297127] kernel: amdgpu 0000:03:00.0: amdgpu: RAS: optional ras ta ucode is not available
[    4.297259] kernel: audit: type=1400 audit(1685353932.439:7): apparmor="STATUS" operation="profile_load" profile="unconfined" name="/usr/sbin/tcpdump" pid=896 comm="apparmor_parser"
[    4.297264] kernel: audit: type=1400 audit(1685353932.439:8): apparmor="STATUS" operation="profile_load" profile="unconfined" name="ippusbxd" pid=905 comm="apparmor_parser"
[    4.297266] kernel: audit: type=1400 audit(1685353932.443:9): apparmor="STATUS" operation="profile_load" profile="unconfined" name="virt-aa-helper" pid=898 comm="apparmor_parser"
[    4.297421] kernel: audit: type=1400 audit(1685353932.443:10): apparmor="STATUS" operation="profile_load" profile="unconfined" name="nvidia_modprobe" pid=900 comm="apparmor_parser"
[    4.306582] kernel: amdgpu 0000:03:00.0: amdgpu: RAP: optional rap ta ucode is not available
[    4.306586] kernel: amdgpu 0000:03:00.0: amdgpu: SECUREDISPLAY: securedisplay ta ucode is not available
[    4.307434] kernel: amdgpu 0000:03:00.0: amdgpu: SMU is initialized successfully!
[    4.308715] kernel: [drm] kiq ring mec 2 pipe 1 q 0
[    4.309544] kernel: [drm] Display Core initialized with v3.2.149!
[    4.309969] kernel: [drm] DMUB hardware initialized: version=0x01010019
[    4.331031] kernel: ax88179_178a 2-1:2.1 (unnamed net_device) (uninitialized): Failed to write reg index 0x0001: -32
[    4.332599] kernel: snd_hda_intel 0000:03:00.1: bound 0000:03:00.0 (ops amdgpu_dm_audio_component_bind_ops [amdgpu])
[    4.455250] kernel: ax88179_178a 2-1:2.1 (unnamed net_device) (uninitialized): Failed to read reg index 0x0006: -32
[    4.455256] kernel: ax88179_178a 2-1:2.1 (unnamed net_device) (uninitialized): invalid MAC address, using random
[    4.455307] kernel: [drm] Unknown EDID CEA parser results
[    4.460168] kernel: ax88179_178a 2-1:2.1 (unnamed net_device) (uninitialized): Failed to write reg index 0x0006: -32
[    4.462846] kernel: [drm] VCN decode and encode initialized successfully(under DPG Mode).
[    4.462861] kernel: [drm] JPEG decode initialized successfully.
[    4.464577] kernel: kfd kfd: amdgpu: Allocated 3969056 bytes on gart
[    4.470249] kernel: ax88179_178a 2-1:2.1 (unnamed net_device) (uninitialized): Failed to write reg index 0x0005: -32
[    4.482134] kernel: ax88179_178a 2-1:2.1 (unnamed net_device) (uninitialized): Failed to write reg index 0x0001: -32
[    4.492965] kernel: ax88179_178a 2-1:2.1 (unnamed net_device) (uninitialized): Failed to write reg index 0x0001: -32
[    4.504963] kernel: ax88179_178a 2-1:2.1 (unnamed net_device) (uninitialized): Failed to write reg index 0x0001: -32
[    4.511064] kernel: memmap_init_zone_device initialised 131072 pages in 0ms
[    4.511073] kernel: amdgpu: HMM registered 512MB device memory
[    4.511108] kernel: amdgpu: SRAT table not found
[    4.511109] kernel: amdgpu: Virtual CRAT table created for GPU
[    4.511875] kernel: amdgpu: Topology: Add dGPU node [0x1636:0x1002]
[    4.511878] kernel: kfd kfd: amdgpu: added device 1002:1636
[    4.512198] kernel: amdgpu 0000:03:00.0: amdgpu: SE 1, SH per SE 1, CU per SH 8, active_cu_number 7
[    4.513914] kernel: ax88179_178a 2-1:2.1 (unnamed net_device) (uninitialized): Failed to write reg index 0x0001: -32
[    4.514158] kernel: [drm] Unknown EDID CEA parser results
[    4.516305] kernel: [drm] fb mappable at 0x410CD1000
[    4.516307] kernel: [drm] vram apper at 0x410000000
[    4.516308] kernel: [drm] size 8294400
[    4.516308] kernel: [drm] fb depth is 24
[    4.516309] kernel: [drm]    pitch is 7680
[    4.520986] kernel: fbcon: amdgpudrmfb (fb0) is primary device
[    4.523999] kernel: ax88179_178a 2-1:2.1 (unnamed net_device) (uninitialized): Failed to write reg index 0x0002: -32
[    4.536951] kernel: ax88179_178a 2-1:2.1 (unnamed net_device) (uninitialized): Failed to write reg index 0x0001: -32
[    4.548969] kernel: ax88179_178a 2-1:2.1 (unnamed net_device) (uninitialized): Failed to write reg index 0x0002: -32
[    4.557160] kernel: ax88179_178a 2-1:2.1 (unnamed net_device) (uninitialized): Failed to read reg index 0x0001: -32
[    4.568028] kernel: ax88179_178a 2-1:2.1 (unnamed net_device) (uninitialized): Failed to write reg index 0x0001: -32
[    4.578037] kernel: ax88179_178a 2-1:2.1 (unnamed net_device) (uninitialized): Failed to write reg index 0x001f: -32
[    4.583703] kernel: Console: switching to colour frame buffer device 240x67
[    4.590160] kernel: ax88179_178a 2-1:2.1 (unnamed net_device) (uninitialized): Failed to write reg index 0x0019: -32
[    4.600515] kernel: ax88179_178a 2-1:2.1 (unnamed net_device) (uninitialized): Failed to write reg index 0x001f: -32
[    4.603523] kernel: amdgpu 0000:03:00.0: [drm] fb0: amdgpudrmfb frame buffer device
[    4.611353] kernel: ax88179_178a 2-1:2.1 (unnamed net_device) (uninitialized): Failed to write reg index 0x000d: -32
[    4.621264] kernel: amdgpu 0000:03:00.0: amdgpu: ring gfx uses VM inv eng 0 on hub 0
[    4.621270] kernel: amdgpu 0000:03:00.0: amdgpu: ring comp_1.0.0 uses VM inv eng 1 on hub 0
[    4.621273] kernel: amdgpu 0000:03:00.0: amdgpu: ring comp_1.1.0 uses VM inv eng 4 on hub 0
[    4.621275] kernel: amdgpu 0000:03:00.0: amdgpu: ring comp_1.2.0 uses VM inv eng 5 on hub 0
[    4.621277] kernel: amdgpu 0000:03:00.0: amdgpu: ring comp_1.3.0 uses VM inv eng 6 on hub 0
[    4.621279] kernel: amdgpu 0000:03:00.0: amdgpu: ring comp_1.0.1 uses VM inv eng 7 on hub 0
[    4.621281] kernel: amdgpu 0000:03:00.0: amdgpu: ring comp_1.1.1 uses VM inv eng 8 on hub 0
[    4.621283] kernel: amdgpu 0000:03:00.0: amdgpu: ring comp_1.2.1 uses VM inv eng 9 on hub 0
[    4.621285] kernel: amdgpu 0000:03:00.0: amdgpu: ring comp_1.3.1 uses VM inv eng 10 on hub 0
[    4.621288] kernel: amdgpu 0000:03:00.0: amdgpu: ring kiq_2.1.0 uses VM inv eng 11 on hub 0
[    4.621290] kernel: amdgpu 0000:03:00.0: amdgpu: ring sdma0 uses VM inv eng 0 on hub 1
[    4.621292] kernel: amdgpu 0000:03:00.0: amdgpu: ring vcn_dec uses VM inv eng 1 on hub 1
[    4.621294] kernel: amdgpu 0000:03:00.0: amdgpu: ring vcn_enc0 uses VM inv eng 4 on hub 1
[    4.621297] kernel: amdgpu 0000:03:00.0: amdgpu: ring vcn_enc1 uses VM inv eng 5 on hub 1
[    4.621299] kernel: amdgpu 0000:03:00.0: amdgpu: ring jpeg_dec uses VM inv eng 6 on hub 1
[    4.621595] kernel: ax88179_178a 2-1:2.1 (unnamed net_device) (uninitialized): Failed to write reg index 0x000e: -32
[    4.622877] kernel: [drm] Initialized amdgpu 3.42.0 20150101 for 0000:03:00.0 on minor 0
[    4.631996] kernel: ax88179_178a 2-1:2.1 (unnamed net_device) (uninitialized): Failed to write reg index 0x000d: -32
[    4.643804] kernel: ax88179_178a 2-1:2.1 (unnamed net_device) (uninitialized): Failed to read reg index 0x000e: -32
[    4.654162] kernel: ax88179_178a 2-1:2.1 (unnamed net_device) (uninitialized): Failed to write reg index 0x000d: -32
[    4.664518] kernel: ax88179_178a 2-1:2.1 (unnamed net_device) (uninitialized): Failed to write reg index 0x000e: -32
[    4.675266] kernel: ax88179_178a 2-1:2.1 (unnamed net_device) (uninitialized): Failed to write reg index 0x000d: -32
[    4.685377] kernel: ax88179_178a 2-1:2.1 (unnamed net_device) (uninitialized): Failed to write reg index 0x000e: -32
[    4.697179] kernel: ax88179_178a 2-1:2.1 (unnamed net_device) (uninitialized): Failed to read reg index 0x0000: -32
[    4.697429] kernel: ax88179_178a 2-1:2.1 eth1: register 'ax88179_178a' at usb-0000:03:00.3-1, ASIX AX88179 USB 3.0 Gigabit Ethernet, e2:c8:d0:73:ce:1b
[    4.697465] kernel: usbcore: registered new interface driver ax88179_178a
[    4.699931] kernel: usbcore: registered new interface driver cdc_ether
[    4.701463] kernel: usbcore: registered new interface driver cdc_ncm
[    4.703303] kernel: usbcore: registered new interface driver cdc_wdm
[    4.704212] kernel: usbcore: registered new interface driver cdc_mbim
[    4.758564] kernel: Bluetooth: BNEP (Ethernet Emulation) ver 1.3
[    4.758566] kernel: Bluetooth: BNEP filters: protocol multicast
[    4.758570] kernel: Bluetooth: BNEP socket layer initialized
[    4.824018] kernel: Bluetooth: hci0: RTL: fw version 0x829a7644
[    4.941233] kernel: NET: Registered PF_ALG protocol family
[    4.952222] kernel: ax88179_178a 2-1:2.1 eth1: Failed to read reg index 0x0000: -32
[    4.964024] kernel: ax88179_178a 2-1:2.1 eth1: Failed to read reg index 0x0001: -32
[    4.974380] kernel: ax88179_178a 2-1:2.1 eth1: Failed to read reg index 0x0009: -32
[    4.984799] kernel: ax88179_178a 2-1:2.1 eth1: Failed to read reg index 0x000a: -32
[    4.995104] kernel: ax88179_178a 2-1:2.1 eth1: Failed to read reg index 0x0004: -32
[    5.005458] kernel: ax88179_178a 2-1:2.0 eth0: Failed to read reg index 0x0000: -32
[    5.017235] kernel: ax88179_178a 2-1:2.0 eth0: Failed to read reg index 0x0001: -32
[    5.027644] kernel: ax88179_178a 2-1:2.0 eth0: Failed to read reg index 0x0009: -32
[    5.038119] kernel: ax88179_178a 2-1:2.0 eth0: Failed to read reg index 0x000a: -32
[    5.048476] kernel: ax88179_178a 2-1:2.0 eth0: Failed to read reg index 0x0004: -32
[    5.058966] kernel: ax88179_178a 2-1:2.0 eth0: Failed to write reg index 0x0002: -32
[    5.070779] kernel: ax88179_178a 2-1:2.0 eth0: Failed to write reg index 0x0002: -32
[    5.284092] kernel: ax88179_178a 2-1:2.0 eth0: Failed to write reg index 0x0001: -32
